Component: ARM Compiler 6.7 Tool: armlink [5c9ef700]

==============================================================================

Section Cross References

    main.o(.text.main) refers to zf_driver_encoder.o(.text.encoder_init_quad) for encoder_init_quad
    main.o(.text.main) refers to zf_common_clock.o(.text.clock_init) for clock_init
    main.o(.text.main) refers to zf_common_debug.o(.text.debug_init) for debug_init
    main.o(.text.main) refers to zf_device_tsl1401.o(.text.tsl1401_init) for tsl1401_init
    main.o(.text.main) refers to zf_driver_gpio.o(.text.gpio_init) for gpio_init
    main.o(.text.main) refers to zf_driver_pwm.o(.text.pwm_init) for pwm_init
    main.o(.text.main) refers to zf_device_ips200.o(.text.ips200_debug_init) for ips200_debug_init
    main.o(.text.main) refers to zf_device_ips200.o(.text.ips200_init) for ips200_init
    main.o(.text.main) refers to zf_common_interrupt.o(.text.interrupt_set_priority) for interrupt_set_priority
    main.o(.text.main) refers to zf_device_mt9v03x.o(.text.mt9v03x_init) for mt9v03x_init
    main.o(.text.main) refers to main.o(.rodata.str1.1) for .L.str
    main.o(.text.main) refers to zf_device_ips200.o(.text.ips200_show_string) for ips200_show_string
    main.o(.text.main) refers to zf_driver_delay.o(.text.system_delay) for system_delay
    main.o(.text.main) refers to zf_device_icm20602.o(.text.icm20602_init) for icm20602_init
    main.o(.text.main) refers to printfa.o(i.__0printf) for printf
    main.o(.text.main) refers to zf_driver_gpio.o(.text.gpio_toggle_level) for gpio_toggle_level
    main.o(.text.main) refers to zf_common_clock.o(.bss.system_clock) for system_clock
    main.o(.text.main) refers to zf_driver_pit.o(.text.pit_init) for pit_init
    main.o(.ARM.exidx.text.main) refers to main.o(.text.main) for [Anonymous Symbol]
    isr.o(.ARM.exidx.text.TIM1_UP_IRQHandler) refers to isr.o(.text.TIM1_UP_IRQHandler) for [Anonymous Symbol]
    isr.o(.ARM.exidx.text.TIM2_IRQHandler) refers to isr.o(.text.TIM2_IRQHandler) for [Anonymous Symbol]
    isr.o(.ARM.exidx.text.TIM3_IRQHandler) refers to isr.o(.text.TIM3_IRQHandler) for [Anonymous Symbol]
    isr.o(.ARM.exidx.text.TIM4_IRQHandler) refers to isr.o(.text.TIM4_IRQHandler) for [Anonymous Symbol]
    isr.o(.ARM.exidx.text.TIM5_IRQHandler) refers to isr.o(.text.TIM5_IRQHandler) for [Anonymous Symbol]
    isr.o(.ARM.exidx.text.TIM7_IRQHandler) refers to isr.o(.text.TIM7_IRQHandler) for [Anonymous Symbol]
    isr.o(.text.TIM8_UP_IRQHandler) refers to zf_device_tsl1401.o(.text.tsl1401_collect_pit_handler) for tsl1401_collect_pit_handler
    isr.o(.ARM.exidx.text.TIM8_UP_IRQHandler) refers to isr.o(.text.TIM8_UP_IRQHandler) for [Anonymous Symbol]
    isr.o(.ARM.exidx.text.UART1_IRQHandler) refers to isr.o(.text.UART1_IRQHandler) for [Anonymous Symbol]
    isr.o(.ARM.exidx.text.UART2_IRQHandler) refers to isr.o(.text.UART2_IRQHandler) for [Anonymous Symbol]
    isr.o(.text.UART3_IRQHandler) refers to zf_device_gps_tau1201.o(.text.gps_uart_callback) for gps_uart_callback
    isr.o(.ARM.exidx.text.UART3_IRQHandler) refers to isr.o(.text.UART3_IRQHandler) for [Anonymous Symbol]
    isr.o(.ARM.exidx.text.UART4_IRQHandler) refers to isr.o(.text.UART4_IRQHandler) for [Anonymous Symbol]
    isr.o(.ARM.exidx.text.UART5_IRQHandler) refers to isr.o(.text.UART5_IRQHandler) for [Anonymous Symbol]
    isr.o(.text.UART6_IRQHandler) refers to zf_device_type.o(.text.wireless_module_uart_handler) for wireless_module_uart_handler
    isr.o(.ARM.exidx.text.UART6_IRQHandler) refers to isr.o(.text.UART6_IRQHandler) for [Anonymous Symbol]
    isr.o(.ARM.exidx.text.UART7_IRQHandler) refers to isr.o(.text.UART7_IRQHandler) for [Anonymous Symbol]
    isr.o(.text.UART8_IRQHandler) refers to zf_device_type.o(.text.camera_uart_handler) for camera_uart_handler
    isr.o(.ARM.exidx.text.UART8_IRQHandler) refers to isr.o(.text.UART8_IRQHandler) for [Anonymous Symbol]
    isr.o(.ARM.exidx.text.EXTI0_IRQHandler) refers to isr.o(.text.EXTI0_IRQHandler) for [Anonymous Symbol]
    isr.o(.ARM.exidx.text.EXTI1_IRQHandler) refers to isr.o(.text.EXTI1_IRQHandler) for [Anonymous Symbol]
    isr.o(.ARM.exidx.text.EXTI2_IRQHandler) refers to isr.o(.text.EXTI2_IRQHandler) for [Anonymous Symbol]
    isr.o(.ARM.exidx.text.EXTI3_IRQHandler) refers to isr.o(.text.EXTI3_IRQHandler) for [Anonymous Symbol]
    isr.o(.ARM.exidx.text.EXTI4_IRQHandler) refers to isr.o(.text.EXTI4_IRQHandler) for [Anonymous Symbol]
    isr.o(.text.EXTI9_5_IRQHandler) refers to zf_device_type.o(.text.camera_vsync_handler) for camera_vsync_handler
    isr.o(.ARM.exidx.text.EXTI9_5_IRQHandler) refers to isr.o(.text.EXTI9_5_IRQHandler) for [Anonymous Symbol]
    isr.o(.ARM.exidx.text.EXTI15_10_IRQHandler) refers to isr.o(.text.EXTI15_10_IRQHandler) for [Anonymous Symbol]
    isr.o(.ARM.exidx.text.DMA1_Channel1_IRQHandler) refers to isr.o(.text.DMA1_Channel1_IRQHandler) for [Anonymous Symbol]
[...]
    .L.str                                   0x08007b7e   Data          45  zf_device_ips200.o(.rodata.str1.1)
    [Anonymous Symbol]                       0x08007bab   Section        0  zf_device_mt9v03x.o(.rodata.str1.1)
    .L.str                                   0x08007bab   Data          46  zf_device_mt9v03x.o(.rodata.str1.1)
    .data                                    0x20000000   Section        4  stdout.o(.data)
    [Anonymous Symbol]                       0x20000034   Section        0  zf_driver_adc.o(.data.adc_index)
    adc_index                                0x20000034   Data          12  zf_driver_adc.o(.data.adc_index)
    [Anonymous Symbol]                       0x20000044   Section        0  zf_driver_dma.o(.data.dma_index)
    dma_index                                0x20000044   Data           8  zf_driver_dma.o(.data.dma_index)
    [Anonymous Symbol]                       0x20000050   Section        0  zf_driver_encoder.o(.data.encoder_dir_pin)
    encoder_dir_pin                          0x20000050   Data           8  zf_driver_encoder.o(.data.encoder_dir_pin)
    [Anonymous Symbol]                       0x20000078   Section        0  zf_device_ips200.o(.data.ips200_bgcolor)
    ips200_bgcolor                           0x20000078   Data           2  zf_device_ips200.o(.data.ips200_bgcolor)
    [Anonymous Symbol]                       0x2000007a   Section        0  zf_device_ips200.o(.data.ips200_pencolor)
    ips200_pencolor                          0x2000007a   Data           2  zf_device_ips200.o(.data.ips200_pencolor)
    [Anonymous Symbol]                       0x2000007c   Section        0  zf_device_ips200.o(.data.ips200_x_max)
    ips200_x_max                             0x2000007c   Data           2  zf_device_ips200.o(.data.ips200_x_max)
    [Anonymous Symbol]                       0x2000007e   Section        0  zf_device_ips200.o(.data.ips200_y_max)
    ips200_y_max                             0x2000007e   Data           2  zf_device_ips200.o(.data.ips200_y_max)
    [Anonymous Symbol]                       0x20000080   Section        0  zf_device_ips200.o(.data.ips_bl_pin)
    ips_bl_pin                               0x20000080   Data           1  zf_device_ips200.o(.data.ips_bl_pin)
    [Anonymous Symbol]                       0x20000081   Section        0  zf_device_ips200.o(.data.ips_rst_pin)
    ips_rst_pin                              0x20000081   Data           1  zf_device_ips200.o(.data.ips_rst_pin)
    [Anonymous Symbol]                       0x20000082   Section        0  zf_device_mt9v03x.o(.data.mt9v03x_get_confing_buffer)
    mt9v03x_get_confing_buffer               0x20000082   Data          36  zf_device_mt9v03x.o(.data.mt9v03x_get_confing_buffer)
    [Anonymous Symbol]                       0x200000a6   Section        0  zf_device_mt9v03x.o(.data.mt9v03x_set_confing_buffer)
    mt9v03x_set_confing_buffer               0x200000a6   Data          40  zf_device_mt9v03x.o(.data.mt9v03x_set_confing_buffer)
    [Anonymous Symbol]                       0x200000d0   Section        0  zf_driver_spi.o(.data.spi_index)
    spi_index                                0x200000d0   Data          12  zf_driver_spi.o(.data.spi_index)
    [Anonymous Symbol]                       0x200000dc   Section        0  zf_driver_uart.o(.data.uart_index)
    uart_index                               0x200000dc   Data          32  zf_driver_uart.o(.data.uart_index)
    [Anonymous Symbol]                       0x200000fc   Section        0  zf_driver_uart.o(.data.uart_irq)
    uart_irq                                 0x200000fc   Data           8  zf_driver_uart.o(.data.uart_irq)
    [Anonymous Symbol]                       0x20000104   Section        0  zf_common_debug.o(.data.zf_debug_assert_enable)
    zf_debug_assert_enable                   0x20000104   Data           1  zf_common_debug.o(.data.zf_debug_assert_enable)
    [Anonymous Symbol]                       0x2000012c   Section        0  control.o(.bss.Velocity.EnC_Err_Lowout)
    Velocity.EnC_Err_Lowout                  0x2000012c   Data           4  control.o(.bss.Velocity.EnC_Err_Lowout)
    [Anonymous Symbol]                       0x20000130   Section        0  control.o(.bss.Velocity.EnC_Err_Lowout_last)
    Velocity.EnC_Err_Lowout_last             0x20000130   Data           4  control.o(.bss.Velocity.EnC_Err_Lowout_last)
    [Anonymous Symbol]                       0x20000134   Section        0  control.o(.bss.Velocity.Encoder_Err)
    Velocity.Encoder_Err                     0x20000134   Data           4  control.o(.bss.Velocity.Encoder_Err)
    [Anonymous Symbol]                       0x20000138   Section        0  control.o(.bss.Velocity.Encoder_S)
    Velocity.Encoder_S                       0x20000138   Data           4  control.o(.bss.Velocity.Encoder_S)
    [Anonymous Symbol]                       0x2000013c   Section        0  control.o(.bss.Velocity.PWM_out)
    Velocity.PWM_out                         0x2000013c   Data           4  control.o(.bss.Velocity.PWM_out)
    [Anonymous Symbol]                       0x20000158   Section        0  zf_driver_adc.o(.bss.adc_resolution)
    adc_resolution                           0x20000158   Data           3  zf_driver_adc.o(.bss.adc_resolution)
    [Anonymous Symbol]                       0x20000168   Section        0  zf_device_bluetooth_ch9141.o(.bss.bluetooth_ch9141_data)
    bluetooth_ch9141_data                    0x20000168   Data           1  zf_device_bluetooth_ch9141.o(.bss.bluetooth_ch9141_data)
    [Anonymous Symbol]                       0x2000016c   Section        0  zf_device_bluetooth_ch9141.o(.bss.bluetooth_ch9141_fifo)
    bluetooth_ch9141_fifo                    0x2000016c   Data          20  zf_device_bluetooth_ch9141.o(.bss.bluetooth_ch9141_fifo)
    [Anonymous Symbol]                       0x20000181   Section        0  zf_common_debug.o(.bss.debug_assert_handler.assert_nest_index)
    debug_assert_handler.assert_nest_index   0x20000181   Data           1  zf_common_debug.o(.bss.debug_assert_handler.assert_nest_index)
    [Anonymous Symbol]                       0x20000184   Section        0  zf_common_debug.o(.bss.debug_output_info)
    debug_output_info                        0x20000184   Data          20  zf_common_debug.o(.bss.debug_output_info)
    [Anonymous Symbol]                       0x20000278   Section        0  zf_common_interrupt.o(.bss.interrupt_nest_count)
    interrupt_nest_count                     0x20000278   Data           4  zf_common_interrupt.o(.bss.interrupt_nest_count)
    [Anonymous Symbol]                       0x2000027c   Section        0  zf_device_ips200.o(.bss.ips200_display_dir)
    ips200_display_dir                       0x2000027c   Data           1  zf_device_ips200.o(.bss.ips200_display_dir)
    [Anonymous Symbol]                       0x2000027d   Section        0  zf_device_ips200.o(.bss.ips200_display_type)
    ips200_display_type                      0x2000027d   Data           1  zf_device_ips200.o(.bss.ips200_display_type)
    [Anonymous Symbol]                       0x20005aa0   Section        0  zf_device_mt9v03x.o(.bss.mt9v03x_version)
    mt9v03x_version                          0x20005aa0   Data           2  zf_device_mt9v03x.o(.bss.mt9v03x_version)
    [Anonymous Symbol]                       0x20006403   Section        0  zf_device_mt9v03x.o(.bss.receive)
    receive                                  0x20006403   Data           3  zf_device_mt9v03x.o(.bss.receive)
    [Anonymous Symbol]                       0x20006406   Section        0  zf_device_ov7725.o(.bss.receive)
    receive                                  0x20006406   Data           3  zf_device_ov7725.o(.bss.receive)
    [Anonymous Symbol]                       0x20006409   Section        0  zf_device_scc8660.o(.bss.receive)
    receive                                  0x20006409   Data           3  zf_device_scc8660.o(.bss.receive)
    [Anonymous Symbol]                       0x2000640c   Section        0  zf_device_mt9v03x.o(.bss.receive_num)
    receive_num                              0x2000640c   Data           1  zf_device_mt9v03x.o(.bss.receive_num)
    [Anonymous Symbol]                       0x2000640d   Section        0  zf_device_ov7725.o(.bss.receive_num)
    receive_num                              0x2000640d   Data           1  zf_device_ov7725.o(.bss.receive_num)
    [Anonymous Symbol]                       0x2000640e   Section        0  zf_device_scc8660.o(.bss.receive_num)
    receive_num                              0x2000640e   Data           1  zf_device_scc8660.o(.bss.receive_num)
    [Anonymous Symbol]                       0x2000fa14   Section        0  zf_driver_timer.o(.bss.timer_function_state)
    timer_function_state                     0x2000fa14   Data           8  zf_driver_timer.o(.bss.timer_function_state)
    [Anonymous Symbol]                       0x2000fc1d   Section        0  zf_device_tsl1401.o(.bss.tsl1401_init_state)
    tsl1401_init_state                       0x2000fc1d   Data           1  zf_device_tsl1401.o(.bss.tsl1401_init_state)
    [Anonymous Symbol]                       0x2000fc20   Section        0  control.o(.bss.turn.bias)
    turn.bias                                0x2000fc20   Data           4  control.o(.bss.turn.bias)
    [Anonymous Symbol]                       0x2000fc24   Section        0  zf_device_mt9v03x.o(.bss.uart_receive_flag)
    uart_receive_flag                        0x2000fc24   Data           1  zf_device_mt9v03x.o(.bss.uart_receive_flag)
    [Anonymous Symbol]                       0x2000fc25   Section        0  zf_device_ov7725.o(.bss.uart_receive_flag)
    uart_receive_flag                        0x2000fc25   Data           1  zf_device_ov7725.o(.bss.uart_receive_flag)
    [Anonymous Symbol]                       0x2000fc26   Section        0  zf_device_scc8660.o(.bss.uart_receive_flag)
    uart_receive_flag                        0x2000fc26   Data           1  zf_device_scc8660.o(.bss.uart_receive_flag)
    [Anonymous Symbol]                       0x2000fc28   Section        0  zf_device_wireless_uart.o(.bss.wireless_uart_data)
    wireless_uart_data                       0x2000fc28   Data           1  zf_device_wireless_uart.o(.bss.wireless_uart_data)
    [Anonymous Symbol]                       0x2000fc2c   Section        0  zf_device_wireless_uart.o(.bss.wireless_uart_fifo)
    wireless_uart_fifo                       0x2000fc2c   Data          20  zf_device_wireless_uart.o(.bss.wireless_uart_fifo)
    [Anonymous Symbol]                       0x2000fc40   Section        0  zf_common_debug.o(.bss.zf_debug_init_flag)
    zf_debug_init_flag                       0x2000fc40   Data           1  zf_common_debug.o(.bss.zf_debug_init_flag)

    Global Symbols

    Symbol Name                              Value     Ov Type        Size  Object(Section)

    BuildAttributes$$THM_ISAv4$P$D$K$B$S$PE$A:L22UL41UL21$X:L11$S22US41US21$IEEE1$IW$~IW$USESV6$~STKCKD$USESV7$~SHL$OTIME$ROPI$IEEEX$EBA8$MICROLIB$REQ8$PRES8$EABIv2 0x00000000   Number         0  anon$$obj.o ABSOLUTE
    __cpp_initialize__aeabi_                  - Undefined Weak Reference
    __cxa_finalize                            - Undefined Weak Reference
    __decompress                              - Undefined Weak Reference
    _clock_init                               - Undefined Weak Reference
    _microlib_exit                            - Undefined Weak Reference
    __Vectors_Size                           0x00000190   Number         0  startup_mm32f3277g.o ABSOLUTE
    __Vectors                                0x08000000   Data           4  startup_mm32f3277g.o(RESET)
    __Vectors_End                            0x08000190   Data           0  startup_mm32f3277g.o(RESET)
    __main                                   0x08000401   Thumb Code     0  entry.o(.ARM.Collect$$$$00000000)
    _main_stk                                0x08000401   Thumb Code     0  entry4.o(.ARM.Collect$$$$00000003)
    _main_scatterload                        0x08000405   Thumb Code     0  entry5.o(.ARM.Collect$$$$00000004)
    __main_after_scatterload                 0x08000409   Thumb Code     0  entry5.o(.ARM.Collect$$$$00000004)
    _main_clock                              0x08000409   Thumb Code     0  entry7b.o(.ARM.Collect$$$$00000008)
    _main_cpp_init                           0x08000409   Thumb Code     0  entry8b.o(.ARM.Collect$$$$0000000A)
    _main_init                               0x08000409   Thumb Code     0  entry9a.o(.ARM.Collect$$$$0000000B)
    __rt_final_cpp                           0x08000411   Thumb Code     0  entry10a.o(.ARM.Collect$$$$0000000D)
    __rt_final_exit                          0x08000411   Thumb Code     0  entry11a.o(.ARM.Collect$$$$0000000F)
    Reset_Handler                            0x08000415   Thumb Code     8  startup_mm32f3277g.o(.text)
    NMI_Handler                              0x0800041d   Thumb Code     2  startup_mm32f3277g.o(.text)
    HardFault_Handler                        0x0800041f   Thumb Code     2  startup_mm32f3277g.o(.text)
    MemManage_Handler                        0x08000421   Thumb Code     2  startup_mm32f3277g.o(.text)
    BusFault_Handler                         0x08000423   Thumb Code     2  startup_mm32f3277g.o(.text)
    UsageFault_Handler                       0x08000425   Thumb Code     2  startup_mm32f3277g.o(.text)
    SVC_Handler                              0x08000427   Thumb Code     2  startup_mm32f3277g.o(.text)
    DebugMon_Handler                         0x08000429   Thumb Code     2  startup_mm32f3277g.o(.text)
    PendSV_Handler                           0x0800042b   Thumb Code     2  startup_mm32f3277g.o(.text)
    SysTick_Handler                          0x0800042d   Thumb Code     2  startup_mm32f3277g.o(.text)
    ADC1_2_IRQHandler                        0x0800042f   Thumb Code     0  startup_mm32f3277g.o(.text)
    ADC3_IRQHandler                          0x0800042f   Thumb Code     0  startup_mm32f3277g.o(.text)
    CAN1_RX_IRQHandler                       0x0800042f   Thumb Code     0  startup_mm32f3277g.o(.text)
    COMP1_2_IRQHandler                       0x0800042f   Thumb Code     0  startup_mm32f3277g.o(.text)
    ETH_IRQHandler                           0x0800042f   Thumb Code     0  startup_mm32f3277g.o(.text)
    FLASH_IRQHandler                         0x0800042f   Thumb Code     0  startup_mm32f3277g.o(.text)
    FlashCache_IRQHandler                    0x0800042f   Thumb Code     0  startup_mm32f3277g.o(.text)
    I2C1_IRQHandler                          0x0800042f   Thumb Code     0  startup_mm32f3277g.o(.text)
    I2C2_IRQHandler                          0x0800042f   Thumb Code     0  startup_mm32f3277g.o(.text)
    OTG_FS_IRQHandler                        0x0800042f   Thumb Code     0  startup_mm32f3277g.o(.text)
    OTG_FS_WKUP_IRQHandler                   0x0800042f   Thumb Code     0  startup_mm32f3277g.o(.text)
    PVD_IRQHandler                           0x0800042f   Thumb Code     0  startup_mm32f3277g.o(.text)
    RCC_CRS_IRQHandler                       0x0800042f   Thumb Code     0  startup_mm32f3277g.o(.text)
    RTCAlarm_IRQHandler                      0x0800042f   Thumb Code     0  startup_mm32f3277g.o(.text)
    RTC_IRQHandler                           0x0800042f   Thumb Code     0  startup_mm32f3277g.o(.text)
    SDIO_IRQHandler                          0x0800042f   Thumb Code     0  startup_mm32f3277g.o(.text)
    SPI1_IRQHandler                          0x0800042f   Thumb Code     0  startup_mm32f3277g.o(.text)
    SPI2_IRQHandler                          0x0800042f   Thumb Code     0  startup_mm32f3277g.o(.text)
    SPI3_IRQHandler                          0x0800042f   Thumb Code     0  startup_mm32f3277g.o(.text)
    TAMPER_IRQHandler                        0x0800042f   Thumb Code     0  startup_mm32f3277g.o(.text)
    TIM1_BRK_IRQHandler                      0x0800042f   Thumb Code     0  startup_mm32f3277g.o(.text)
    TIM1_CC_IRQHandler                       0x0800042f   Thumb Code     0  startup_mm32f3277g.o(.text)
    TIM1_TRG_COM_IRQHandler                  0x0800042f   Thumb Code     0  startup_mm32f3277g.o(.text)
    TIM8_BRK_IRQHandler                      0x0800042f   Thumb Code     0  startup_mm32f3277g.o(.text)
    TIM8_CC_IRQHandler                       0x0800042f   Thumb Code     0  startup_mm32f3277g.o(.text)
    TIM8_TRG_COM_IRQHandler                  0x0800042f   Thumb Code     0  startup_mm32f3277g.o(.text)
    WWDG_IRQHandler                          0x0800042f   Thumb Code     0  startup_mm32f3277g.o(.text)
    __aeabi_memcpy                           0x08000439   Thumb Code    36  memcpya.o(.text)
    __aeabi_memcpy4                          0x08000439   Thumb Code     0  memcpya.o(.text)
    __aeabi_memcpy8                          0x08000439   Thumb Code     0  memcpya.o(.text)
    __aeabi_memset                           0x0800045d   Thumb Code    14  memseta.o(.text)
    __aeabi_memset4                          0x0800045d   Thumb Code     0  memseta.o(.text)
    __aeabi_memset8                          0x0800045d   Thumb Code     0  memseta.o(.text)
    __aeabi_memclr                           0x0800046b   Thumb Code     4  memseta.o(.text)
    __aeabi_memclr4                          0x0800046b   Thumb Code     0  memseta.o(.text)
    __aeabi_memclr8                          0x0800046b   Thumb Code     0  memseta.o(.text)
    _memset$wrapper                          0x0800046f   Thumb Code    18  memseta.o(.text)
    strlen                                   0x08000481   Thumb Code    14  strlen.o(.text)
    __aeabi_fadd                             0x0800048f   Thumb Code   164  fadd.o(.text)
    __aeabi_fsub                             0x08000533   Thumb Code     6  fadd.o(.text)
    __aeabi_frsub                            0x08000539   Thumb Code     6  fadd.o(.text)
    __aeabi_fmul                             0x0800053f   Thumb Code   100  fmul.o(.text)
    __aeabi_fdiv                             0x080005a3   Thumb Code   124  fdiv.o(.text)
    __aeabi_dadd                             0x0800061f   Thumb Code   322  dadd.o(.text)
    __aeabi_dsub                             0x08000761   Thumb Code     6  dadd.o(.text)
    __aeabi_drsub                            0x08000767   Thumb Code     6  dadd.o(.text)
    __aeabi_dmul                             0x0800076d   Thumb Code   228  dmul.o(.text)
    __aeabi_ddiv                             0x08000851   Thumb Code   222  ddiv.o(.text)
    __aeabi_fcmplt                           0x0800092f   Thumb Code    28  fcmplt.o(.text)
    __aeabi_fcmpge                           0x0800094b   Thumb Code    28  fcmpge.o(.text)
    __aeabi_dcmpeq                           0x08000967   Thumb Code    56  dcmpeq.o(.text)
    __aeabi_i2f                              0x0800099f   Thumb Code    18  fflti.o(.text)
    __aeabi_ui2f                             0x080009b1   Thumb Code    10  ffltui.o(.text)
    __aeabi_i2d                              0x080009bb   Thumb Code    34  dflti.o(.text)
    __aeabi_f2iz                             0x080009dd   Thumb Code    50  ffixi.o(.text)
    __aeabi_f2uiz                            0x08000a0f   Thumb Code    40  ffixui.o(.text)
    __aeabi_f2d                              0x08000a37   Thumb Code    38  f2d.o(.text)
    __aeabi_d2f                              0x08000a5d   Thumb Code    56  d2f.o(.text)
    __aeabi_uidiv                            0x08000a95   Thumb Code     0  uidiv.o(.text)
    __aeabi_uidivmod                         0x08000a95   Thumb Code    44  uidiv.o(.text)
    __aeabi_uldivmod                         0x08000ac1   Thumb Code    98  uldiv.o(.text)
    __aeabi_llsl                             0x08000b23   Thumb Code    30  llshl.o(.text)
    _ll_shift_l                              0x08000b23   Thumb Code     0  llshl.o(.text)
    __aeabi_llsr                             0x08000b41   Thumb Code    32  llushr.o(.text)
    _ll_ushift_r                             0x08000b41   Thumb Code     0  llushr.o(.text)
    __aeabi_lasr                             0x08000b61   Thumb Code    36  llsshr.o(.text)
    _ll_sshift_r                             0x08000b61   Thumb Code     0  llsshr.o(.text)
    __I$use$fp                               0x08000b85   Thumb Code     0  iusefp.o(.text)
    _float_round                             0x08000b85   Thumb Code    18  fepilogue.o(.text)
    _float_epilogue                          0x08000b97   Thumb Code    92  fepilogue.o(.text)
    _double_round                            0x08000bf3   Thumb Code    30  depilogue.o(.text)
    _double_epilogue                         0x08000c11   Thumb Code   156  depilogue.o(.text)
    __ARM_scalbn                             0x08000cad   Thumb Code    46  dscalb.o(.text)
    scalbn                                   0x08000cad   Thumb Code     0  dscalb.o(.text)
    __aeabi_d2ulz                            0x08000cdb   Thumb Code    48  dfixul.o(.text)
    __aeabi_cdrcmple                         0x08000d0d   Thumb Code    48  cdrcmple.o(.text)
    __scatterload                            0x08000d3d   Thumb Code    28  init.o(.text)
    __scatterload_rt2                        0x08000d3d   Thumb Code     0  init.o(.text)
    ComplementaryFiltering                   0x08000d61   Thumb Code   490  control.o(.text.ComplementaryFiltering)
    DMA1_Channel1_IRQHandler                 0x08000f4d   Thumb Code    34  isr.o(.text.DMA1_Channel1_IRQHandler)
    DMA1_Channel2_IRQHandler                 0x08000f71   Thumb Code    34  isr.o(.text.DMA1_Channel2_IRQHandler)
    DMA1_Channel3_IRQHandler                 0x08000f95   Thumb Code    34  isr.o(.text.DMA1_Channel3_IRQHandler)
    DMA1_Channel4_IRQHandler                 0x08000fb9   Thumb Code    40  isr.o(.text.DMA1_Channel4_IRQHandler)
    DMA1_Channel5_IRQHandler                 0x08000fe1   Thumb Code    34  isr.o(.text.DMA1_Channel5_IRQHandler)
    DMA1_Channel6_IRQHandler                 0x08001005   Thumb Code    34  isr.o(.text.DMA1_Channel6_IRQHandler)
    DMA1_Channel7_IRQHandler                 0x08001029   Thumb Code    34  isr.o(.text.DMA1_Channel7_IRQHandler)
    DMA2_Channel1_IRQHandler                 0x0800104d   Thumb Code    38  isr.o(.text.DMA2_Channel1_IRQHandler)
    DMA2_Channel2_IRQHandler                 0x08001075   Thumb Code    38  isr.o(.text.DMA2_Channel2_IRQHandler)
    DMA2_Channel3_IRQHandler                 0x0800109d   Thumb Code    38  isr.o(.text.DMA2_Channel3_IRQHandler)
    DMA2_Channel4_IRQHandler                 0x080010c5   Thumb Code    38  isr.o(.text.DMA2_Channel4_IRQHandler)
    DMA2_Channel5_IRQHandler                 0x080010ed   Thumb Code    38  isr.o(.text.DMA2_Channel5_IRQHandler)
    EXTI0_IRQHandler                         0x08001115   Thumb Code    18  isr.o(.text.EXTI0_IRQHandler)
    EXTI15_10_IRQHandler                     0x08001129   Thumb Code   218  isr.o(.text.EXTI15_10_IRQHandler)
    EXTI1_IRQHandler                         0x08001205   Thumb Code    18  isr.o(.text.EXTI1_IRQHandler)
    EXTI2_IRQHandler                         0x08001219   Thumb Code    18  isr.o(.text.EXTI2_IRQHandler)
    EXTI3_IRQHandler                         0x0800122d   Thumb Code    18  isr.o(.text.EXTI3_IRQHandler)
    EXTI4_IRQHandler                         0x08001241   Thumb Code    18  isr.o(.text.EXTI4_IRQHandler)
    EXTI9_5_IRQHandler                       0x08001255   Thumb Code   188  isr.o(.text.EXTI9_5_IRQHandler)
    FA                                       0x08001311   Thumb Code    94  control.o(.text.FA)
    GFP_abs                                  0x08001371   Thumb Code    40  control.o(.text.GFP_abs)
    Limit                                    0x08001399   Thumb Code   164  control.o(.text.Limit)
    Load                                     0x0800143d   Thumb Code   138  control.o(.text.Load)
    SXTpointEE                               0x080014c9   Thumb Code   246  sxt.o(.text.SXTpointEE)
    SystemInit                               0x080015c1   Thumb Code    16  system_mm32f3277g.o(.text.SystemInit)
    TIM1_UP_IRQHandler                       0x080015d1   Thumb Code    20  isr.o(.text.TIM1_UP_IRQHandler)
    TIM2_IRQHandler                          0x080015e5   Thumb Code    18  isr.o(.text.TIM2_IRQHandler)
    TIM3_IRQHandler                          0x080015f9   Thumb Code    20  isr.o(.text.TIM3_IRQHandler)
    TIM4_IRQHandler                          0x0800160d   Thumb Code    20  isr.o(.text.TIM4_IRQHandler)
    TIM5_IRQHandler                          0x08001621   Thumb Code    20  isr.o(.text.TIM5_IRQHandler)
    TIM6_IRQHandler                          0x08001635   Thumb Code   362  control.o(.text.TIM6_IRQHandler)
    TIM7_IRQHandler                          0x080017a1   Thumb Code    20  isr.o(.text.TIM7_IRQHandler)
    TIM8_UP_IRQHandler                       0x080017b5   Thumb Code    26  isr.o(.text.TIM8_UP_IRQHandler)
    UART1_IRQHandler                         0x080017d1   Thumb Code    74  isr.o(.text.UART1_IRQHandler)
    UART2_IRQHandler                         0x0800181d   Thumb Code    74  isr.o(.text.UART2_IRQHandler)
    UART3_IRQHandler                         0x08001869   Thumb Code    80  isr.o(.text.UART3_IRQHandler)
    UART4_IRQHandler                         0x080018b9   Thumb Code    74  isr.o(.text.UART4_IRQHandler)
    UART5_IRQHandler                         0x08001905   Thumb Code    74  isr.o(.text.UART5_IRQHandler)
    UART6_IRQHandler                         0x08001951   Thumb Code    80  isr.o(.text.UART6_IRQHandler)
    UART7_IRQHandler                         0x080019a1   Thumb Code    74  isr.o(.text.UART7_IRQHandler)
    UART8_IRQHandler                         0x080019ed   Thumb Code    80  isr.o(.text.UART8_IRQHandler)
    Velocity                                 0x08001a3d   Thumb Code   380  control.o(.text.Velocity)
    Vertical                                 0x08001bb9   Thumb Code   108  control.o(.text.Vertical)
    adc_convert                              0x08001d29   Thumb Code   158  zf_driver_adc.o(.text.adc_convert)
    adc_init                                 0x08001dc9   Thumb Code   352  zf_driver_adc.o(.text.adc_init)
    afio_init                                0x08001f29   Thumb Code   410  zf_driver_gpio.o(.text.afio_init)
    balance                                  0x080020c5   Thumb Code   304  control.o(.text.balance)
    bluetooth_ch9141_uart_callback           0x080021f5   Thumb Code    50  zf_device_bluetooth_ch9141.o(.text.bluetooth_ch9141_uart_callback)
    camera_dma_handler                       0x08002229   Thumb Code   118  zf_device_type.o(.text.camera_dma_handler)
    camera_init                              0x080022a1   Thumb Code   238  zf_device_camera.o(.text.camera_init)
    camera_uart_handler                      0x08002391   Thumb Code    64  zf_device_type.o(.text.camera_uart_handler)
    camera_vsync_handler                     0x080023d1   Thumb Code   208  zf_device_type.o(.text.camera_vsync_handler)
    clock_init                               0x080024a1   Thumb Code    40  zf_common_clock.o(.text.clock_init)
    debug_assert_handler                     0x080027e5   Thumb Code   112  zf_common_debug.o(.text.debug_assert_handler)
    debug_init                               0x08002895   Thumb Code    50  zf_common_debug.o(.text.debug_init)
    debug_output_init                        0x08002b8d   Thumb Code    80  zf_common_debug.o(.text.debug_output_init)
    debug_output_struct_init                 0x08002bdd   Thumb Code    52  zf_common_debug.o(.text.debug_output_struct_init)
    dma_disable                              0x08002c31   Thumb Code    54  zf_driver_dma.o(.text.dma_disable)
    dma_enable                               0x08002c69   Thumb Code    54  zf_driver_dma.o(.text.dma_enable)
    dma_init_camera                          0x08002ca1   Thumb Code   360  zf_driver_dma.o(.text.dma_init_camera)
    dma_set_count                            0x08002e09   Thumb Code    66  zf_driver_dma.o(.text.dma_set_count)
    encoder_clear_count                      0x08002e4d   Thumb Code   148  zf_driver_encoder.o(.text.encoder_clear_count)
    encoder_get_count                        0x08002ee1   Thumb Code   682  zf_driver_encoder.o(.text.encoder_get_count)
    encoder_init_quad                        0x0800318d   Thumb Code   298  zf_driver_encoder.o(.text.encoder_init_quad)
    exti_init                                0x080032b9   Thumb Code   762  zf_driver_exti.o(.text.exti_init)
    fifo_head_offset                         0x080035b5   Thumb Code    56  zf_common_fifo.o(.text.fifo_head_offset)
    fifo_write_buffer                        0x080035ed   Thumb Code   234  zf_common_fifo.o(.text.fifo_write_buffer)
    float_to_str                             0x080036d9   Thumb Code   616  zf_common_function.o(.text.float_to_str)
    fputc                                    0x08003941   Thumb Code    32  zf_common_debug.o(.text.fputc)
    fsmc_init_ips200                         0x08003961   Thumb Code    74  zf_driver_fsmc.o(.text.fsmc_init_ips200)
    get_greatest_common_divisor              0x080039ad   Thumb Code    74  zf_common_function.o(.text.get_greatest_common_divisor)
    gpio_get_level                           0x080039f9   Thumb Code    76  zf_driver_gpio.o(.text.gpio_get_level)
    gpio_init                                0x08003a45   Thumb Code   500  zf_driver_gpio.o(.text.gpio_init)
    gpio_set_level                           0x08003c39   Thumb Code   108  zf_driver_gpio.o(.text.gpio_set_level)
    gpio_toggle_level                        0x08003ca5   Thumb Code   132  zf_driver_gpio.o(.text.gpio_toggle_level)
    gps_uart_callback                        0x08003d29   Thumb Code   164  zf_device_gps_tau1201.o(.text.gps_uart_callback)
    icm20602_get_acc                         0x08003dcd   Thumb Code    86  zf_device_icm20602.o(.text.icm20602_get_acc)
    icm20602_get_gyro                        0x08003e25   Thumb Code    86  zf_device_icm20602.o(.text.icm20602_get_gyro)
    icm20602_init                            0x08003e7d   Thumb Code   328  zf_device_icm20602.o(.text.icm20602_init)
    int_to_str                               0x08004119   Thumb Code   274  zf_common_function.o(.text.int_to_str)
    interrupt_disable                        0x0800422d   Thumb Code    24  zf_common_interrupt.o(.text.interrupt_disable)
    interrupt_enable                         0x08004245   Thumb Code    24  zf_common_interrupt.o(.text.interrupt_enable)
    interrupt_global_disable                 0x0800425d   Thumb Code    36  zf_common_interrupt.o(.text.interrupt_global_disable)
    interrupt_global_enable                  0x08004281   Thumb Code    54  zf_common_interrupt.o(.text.interrupt_global_enable)
    interrupt_init                           0x080042b9   Thumb Code    10  zf_common_interrupt.o(.text.interrupt_init)
    interrupt_set_priority                   0x080042c5   Thumb Code    36  zf_common_interrupt.o(.text.interrupt_set_priority)
    ips200_clear                             0x080042e9   Thumb Code   144  zf_device_ips200.o(.text.ips200_clear)
    ips200_debug_init                        0x08004379   Thumb Code    88  zf_device_ips200.o(.text.ips200_debug_init)
    ips200_init                              0x080043d1   Thumb Code  1130  zf_device_ips200.o(.text.ips200_init)
    ips200_set_color                         0x0800483d   Thumb Code    50  zf_device_ips200.o(.text.ips200_set_color)
    ips200_set_dir                           0x08004871   Thumb Code    94  zf_device_ips200.o(.text.ips200_set_dir)
    ips200_show_char                         0x080049c1   Thumb Code   302  zf_device_ips200.o(.text.ips200_show_char)
    ips200_show_float                        0x08004af1   Thumb Code   398  zf_device_ips200.o(.text.ips200_show_float)
    ips200_show_int                          0x08004c81   Thumb Code   286  zf_device_ips200.o(.text.ips200_show_int)
    ips200_show_string                       0x08004da1   Thumb Code   172  zf_device_ips200.o(.text.ips200_show_string)
    main                                     0x08004ffd   Thumb Code   322  main.o(.text.main)
    mt9v03x_get_version                      0x08005279   Thumb Code   178  zf_device_mt9v03x.o(.text.mt9v03x_get_version)
    mt9v03x_init                             0x0800532d   Thumb Code   300  zf_device_mt9v03x.o(.text.mt9v03x_init)
    mt9v03x_uart_callback                    0x08005579   Thumb Code   140  zf_device_mt9v03x.o(.text.mt9v03x_uart_callback)
    ov7725_uart_callback                     0x08005605   Thumb Code   140  zf_device_ov7725.o(.text.ov7725_uart_callback)
    pit_hanlder                              0x08005691   Thumb Code    70  control.o(.text.pit_hanlder)
    pit_init                                 0x080056d9   Thumb Code   320  zf_driver_pit.o(.text.pit_init)
    pwm_init                                 0x08005819   Thumb Code   640  zf_driver_pwm.o(.text.pwm_init)
    pwm_set_duty                             0x08005a99   Thumb Code   344  zf_driver_pwm.o(.text.pwm_set_duty)
    scc8660_uart_callback                    0x08005bf1   Thumb Code   140  zf_device_scc8660.o(.text.scc8660_uart_callback)
    set_camera_type                          0x08005c7d   Thumb Code    28  zf_device_type.o(.text.set_camera_type)
    spi_init                                 0x08005c99   Thumb Code   704  zf_driver_spi.o(.text.spi_init)
    spi_read_8bit_register                   0x08005f59   Thumb Code   224  zf_driver_spi.o(.text.spi_read_8bit_register)
    spi_read_8bit_registers                  0x08006039   Thumb Code   264  zf_driver_spi.o(.text.spi_read_8bit_registers)
    spi_write_16bit                          0x08006141   Thumb Code   202  zf_driver_spi.o(.text.spi_write_16bit)
    spi_write_8bit                           0x0800620d   Thumb Code   148  zf_driver_spi.o(.text.spi_write_8bit)
    spi_write_8bit_register                  0x080062a1   Thumb Code   210  zf_driver_spi.o(.text.spi_write_8bit_register)
    system_delay                             0x08006375   Thumb Code   150  zf_driver_delay.o(.text.system_delay)
    timer_clock_enable                       0x0800640d   Thumb Code   186  zf_driver_timer.o(.text.timer_clock_enable)
    timer_etr_init                           0x080064c9   Thumb Code   312  zf_driver_timer.o(.text.timer_etr_init)
    timer_funciton_check                     0x08006601   Thumb Code   114  zf_driver_timer.o(.text.timer_funciton_check)
    tsl1401_collect_pit_handler              0x08006675   Thumb Code   230  zf_device_tsl1401.o(.text.tsl1401_collect_pit_handler)
    tsl1401_init                             0x0800675d   Thumb Code   124  zf_device_tsl1401.o(.text.tsl1401_init)
    turn                                     0x080067d9   Thumb Code   214  control.o(.text.turn)
    uart_init                                0x080068b1   Thumb Code   642  zf_driver_uart.o(.text.uart_init)
    uart_query_byte                          0x08006b35   Thumb Code    88  zf_driver_uart.o(.text.uart_query_byte)
    uart_rx_interrupt                        0x08006b8d   Thumb Code   130  zf_driver_uart.o(.text.uart_rx_interrupt)
    uart_write_buffer                        0x08006c11   Thumb Code   106  zf_driver_uart.o(.text.uart_write_buffer)
    uart_write_byte                          0x08006c7d   Thumb Code    74  zf_driver_uart.o(.text.uart_write_byte)
    uart_write_string                        0x08006cc9   Thumb Code    54  zf_driver_uart.o(.text.uart_write_string)
    wireless_module_uart_handler             0x08006d01   Thumb Code    50  zf_device_type.o(.text.wireless_module_uart_handler)
    wireless_uart_callback                   0x08006d35   Thumb Code    50  zf_device_wireless_uart.o(.text.wireless_uart_callback)
    __0printf                                0x08006d69   Thumb Code    22  printfa.o(i.__0printf)
    __1printf                                0x08006d69   Thumb Code     0  printfa.o(i.__0printf)
    __2printf                                0x08006d69   Thumb Code     0  printfa.o(i.__0printf)
    __c89printf                              0x08006d69   Thumb Code     0  printfa.o(i.__0printf)
    printf                                   0x08006d69   Thumb Code     0  printfa.o(i.__0printf)
    __0sprintf                               0x08006d89   Thumb Code    34  printfa.o(i.__0sprintf)
    __1sprintf                               0x08006d89   Thumb Code     0  printfa.o(i.__0sprintf)
    __2sprintf                               0x08006d89   Thumb Code     0  printfa.o(i.__0sprintf)
    __c89sprintf                             0x08006d89   Thumb Code     0  printfa.o(i.__0sprintf)
    sprintf                                  0x08006d89   Thumb Code     0  printfa.o(i.__0sprintf)
    __ARM_fpclassify                         0x08006db1   Thumb Code    40  fpclassify.o(i.__ARM_fpclassify)
    __kernel_poly                            0x08006dd9   Thumb Code   170  poly.o(i.__kernel_poly)
    __mathlib_dbl_infnan                     0x08006e83   Thumb Code     6  dunder.o(i.__mathlib_dbl_infnan)
    __mathlib_dbl_underflow                  0x08006e89   Thumb Code    10  dunder.o(i.__mathlib_dbl_underflow)
    __scatterload_copy                       0x08006e99   Thumb Code    14  handlers.o(i.__scatterload_copy)
    __scatterload_null                       0x08006ea7   Thumb Code     2  handlers.o(i.__scatterload_null)
    __scatterload_zeroinit                   0x08006ea9   Thumb Code    14  handlers.o(i.__scatterload_zeroinit)
    atan                                     0x08007775   Thumb Code   474  atan.o(i.atan)
    tft_ascii                                0x08007bd9   Data        1520  zf_common_font.o(.rodata.tft_ascii)
    Region$$Table$$Base                      0x080081cc   Number         0  anon$$obj.o(Region$$Table)
    Region$$Table$$Limit                     0x080081ec   Number         0  anon$$obj.o(Region$$Table)
    __stdout                                 0x20000000   Data           4  stdout.o(.data)
    K1                                       0x20000004   Data           4  control.o(.data.K1)
    Med_Angle                                0x20000008   Data           4  control.o(.data.Med_Angle)
    PWM_MAX                                  0x2000000c   Data           4  control.o(.data.PWM_MAX)
    PWM_MIN                                  0x20000010   Data           4  control.o(.data.PWM_MIN)
    TOP                                      0x20000014   Data           4  sxt.o(.data.TOP)
    TURN_Kp                                  0x20000018   Data           4  control.o(.data.TURN_Kp)
    Target_Speed                             0x2000001c   Data           4  control.o(.data.Target_Speed)
    Target_SpeedE                            0x20000020   Data           4  control.o(.data.Target_SpeedE)
    Velocity_Ki                              0x20000024   Data           4  control.o(.data.Velocity_Ki)
    Velocity_Kp                              0x20000028   Data           4  control.o(.data.Velocity_Kp)
    Vertical_Kd                              0x2000002c   Data           4  control.o(.data.Vertical_Kd)
    Vertical_Kp                              0x20000030   Data           4  control.o(.data.Vertical_Kp)
    angle_Filtering                          0x20000040   Data           4  control.o(.data.angle_Filtering)
    dtt                                      0x2000004c   Data           4  control.o(.data.dtt)
    gpio_group                               0x20000058   Data          32  zf_driver_gpio.o(.data.gpio_group)
    Angle                                    0x20000108   Data           4  control.o(.bss.Angle)
    MOTO1                                    0x2000010c   Data           4  control.o(.bss.MOTO1)
    MOTO2                                    0x20000110   Data           4  control.o(.bss.MOTO2)
    PWM_out                                  0x20000114   Data           4  control.o(.bss.PWM_out)
    Pend1                                    0x20000118   Data           4  sxt.o(.bss.Pend1)
    TURN                                     0x2000011c   Data           4  control.o(.bss.TURN)
    Turn_Kd                                  0x20000120   Data           4  control.o(.bss.Turn_Kd)
    Turn_Kp                                  0x20000124   Data           4  control.o(.bss.Turn_Kp)
    Turn_out                                 0x20000128   Data           4  control.o(.bss.Turn_out)
    Velocity_out                             0x20000140   Data           4  control.o(.bss.Velocity_out)
    Vertical_out                             0x20000144   Data           4  control.o(.bss.Vertical_out)
    Xend1                                    0x20000148   Data           4  sxt.o(.bss.Xend1)
    Yend1                                    0x2000014c   Data           4  sxt.o(.bss.Yend1)
    acc_x                                    0x20000150   Data           4  control.o(.bss.acc_x)
    acc_z                                    0x20000154   Data           4  control.o(.bss.acc_z)
    angle_acc                                0x2000015c   Data           4  control.o(.bss.angle_acc)
    angle_gyro                               0x20000160   Data           4  control.o(.bss.angle_gyro)
    anglespeed                               0x20000164   Data           4  control.o(.bss.anglespeed)
    camera_type                              0x20000180   Data           1  zf_device_type.o(.bss.camera_type)
    encoder_data_1                           0x20000198   Data           2  control.o(.bss.encoder_data_1)
    encoder_data_2                           0x2000019a   Data           2  control.o(.bss.encoder_data_2)
    gps_tau1201_buffer1                      0x2000019c   Data         100  zf_device_gps_tau1201.o(.bss.gps_tau1201_buffer1)
    gps_tau1201_buffer2                      0x20000200   Data         100  zf_device_gps_tau1201.o(.bss.gps_tau1201_buffer2)
    gps_tau1201_flag                         0x20000264   Data           1  zf_device_gps_tau1201.o(.bss.gps_tau1201_flag)
    gps_tau1201_num                          0x20000265   Data           1  zf_device_gps_tau1201.o(.bss.gps_tau1201_num)
    gyro_y                                   0x20000268   Data           4  control.o(.bss.gyro_y)
    icm_acc_x                                0x2000026c   Data           2  zf_device_icm20602.o(.bss.icm_acc_x)
    icm_acc_y                                0x2000026e   Data           2  zf_device_icm20602.o(.bss.icm_acc_y)
    icm_acc_z                                0x20000270   Data           2  zf_device_icm20602.o(.bss.icm_acc_z)
    icm_gyro_x                               0x20000272   Data           2  zf_device_icm20602.o(.bss.icm_gyro_x)
    icm_gyro_y                               0x20000274   Data           2  zf_device_icm20602.o(.bss.icm_gyro_y)
    icm_gyro_z                               0x20000276   Data           2  zf_device_icm20602.o(.bss.icm_gyro_z)
    mt9v03x_finish_flag                      0x2000027e   Data           1  zf_device_mt9v03x.o(.bss.mt9v03x_finish_flag)
    mt9v03x_image                            0x2000027f   Data       22560  zf_device_mt9v03x.o(.bss.mt9v03x_image)
    ov7725_finish_flag                       0x20005aa2   Data           1  zf_device_ov7725.o(.bss.ov7725_finish_flag)
    ov7725_image_binary                      0x20005aa3   Data        2400  zf_device_ov7725.o(.bss.ov7725_image_binary)
    scc8660_finish_flag                      0x2000640f   Data           1  zf_device_scc8660.o(.bss.scc8660_finish_flag)
    scc8660_image                            0x20006410   Data       38400  zf_device_scc8660.o(.bss.scc8660_image)
    system_clock                             0x2000fa10   Data           4  zf_common_clock.o(.bss.system_clock)
    tsl1401_data                             0x2000fa1c   Data         512  zf_device_tsl1401.o(.bss.tsl1401_data)
    tsl1401_finish_flag                      0x2000fc1c   Data           1  zf_device_tsl1401.o(.bss.tsl1401_finish_flag)
    wireless_type                            0x2000fc27   Data           1  zf_device_type.o(.bss.wireless_type)
    Image$$ARM_LIB_STACK$$ZI$$Limit          0x20020000   Number         0  anon$$obj.o ABSOLUTE



==============================================================================

Memory Map of the image

  Image Entry point : 0x08000401

  Load Region LR_m_text (Base: 0x08000000, Size: 0x000082f4, Max: 0x00080000, ABSOLUTE)

    Execution Region VECTOR_ROM (Exec base: 0x08000000, Load base: 0x08000000, Size: 0x00000190, Max: 0x00000400, ABSOLUTE)

    Exec Addr    Load Addr    Size         Type   Attr      Idx    E Section Name        Object

    0x08000000   0x08000000   0x00000190   Data   RO         1430    RESET               startup_mm32f3277g.o


    Execution Region ER_m_text (Exec base: 0x08000400, Load base: 0x08000400, Size: 0x00007dec, Max: 0x0007fc00, ABSOLUTE, FIXED)

    Exec Addr    Load Addr    Size         Type   Attr      Idx    E Section Name        Object

    0x08000400   0x08000400   0x00000000   Code   RO         2703  * .ARM.Collect$$$$00000000  mc_w.l(entry.o)
    0x08000400   0x08000400   0x00000004   Code   RO         2829    .ARM.Collect$$$$00000003  mc_w.l(entry4.o)
    0x08000404   0x08000404   0x00000004   Code   RO         2832    .ARM.Collect$$$$00000004  mc_w.l(entry5.o)
    0x08000408   0x08000408   0x00000000   Code   RO         2834    .ARM.Collect$$$$00000008  mc_w.l(entry7b.o)
    0x08000408   0x08000408   0x00000000   Code   RO         2836    .ARM.Collect$$$$0000000A  mc_w.l(entry8b.o)
    0x08000408   0x08000408   0x00000008   Code   RO         2837    .ARM.Collect$$$$0000000B  mc_w.l(entry9a.o)
    0x08000410   0x08000410   0x00000000   Code   RO         2839    .ARM.Collect$$$$0000000D  mc_w.l(entry10a.o)
    0x08000410   0x08000410   0x00000000   Code   RO         2841    .ARM.Collect$$$$0000000F  mc_w.l(entry11a.o)
    0x08000410   0x08000410   0x00000004   Code   RO         2830    .ARM.Collect$$$$00002714  mc_w.l(entry4.o)
    0x08000414   0x08000414   0x00000024   Code   RO         1431    .text               startup_mm32f3277g.o
    0x08000438   0x08000438   0x00000024   Code   RO         2706    .text               mc_w.l(memcpya.o)
    0x0800045c   0x0800045c   0x00000024   Code   RO         2708    .text               mc_w.l(memseta.o)
    0x08000480   0x08000480   0x0000000e   Code   RO         2714    .text               mc_w.l(strlen.o)
    0x0800048e   0x0800048e   0x000000b0   Code   RO         2750    .text               mf_w.l(fadd.o)
    0x0800053e   0x0800053e   0x00000064   Code   RO         2752    .text               mf_w.l(fmul.o)
    0x080005a2   0x080005a2   0x0000007c   Code   RO         2754    .text               mf_w.l(fdiv.o)
    0x0800061e   0x0800061e   0x0000014e   Code   RO         2756    .text               mf_w.l(dadd.o)
    0x0800076c   0x0800076c   0x000000e4   Code   RO         2758    .text               mf_w.l(dmul.o)
    0x08000850   0x08000850   0x000000de   Code   RO         2760    .text               mf_w.l(ddiv.o)
    0x0800092e   0x0800092e   0x0000001c   Code   RO         2764    .text               mf_w.l(fcmplt.o)
    0x0800094a   0x0800094a   0x0000001c   Code   RO         2766    .text               mf_w.l(fcmpge.o)
    0x08000966   0x08000966   0x00000038   Code   RO         2776    .text               mf_w.l(dcmpeq.o)
    0x0800099e   0x0800099e   0x00000012   Code   RO         2778    .text               mf_w.l(fflti.o)
    0x080009b0   0x080009b0   0x0000000a   Code   RO         2780    .text               mf_w.l(ffltui.o)
    0x080009ba   0x080009ba   0x00000022   Code   RO         2782    .text               mf_w.l(dflti.o)
    0x080009dc   0x080009dc   0x00000032   Code   RO         2786    .text               mf_w.l(ffixi.o)
    0x08000a0e   0x08000a0e   0x00000028   Code   RO         2788    .text               mf_w.l(ffixui.o)
    0x08000a36   0x08000a36   0x00000026   Code   RO         2792    .text               mf_w.l(f2d.o)
    0x08000a5c   0x08000a5c   0x00000038   Code   RO         2794    .text               mf_w.l(d2f.o)
    0x08000a94   0x08000a94   0x0000002c   Code   RO         2844    .text               mc_w.l(uidiv.o)
    0x08000ac0   0x08000ac0   0x00000062   Code   RO         2846    .text               mc_w.l(uldiv.o)
    0x08000b22   0x08000b22   0x0000001e   Code   RO         2848    .text               mc_w.l(llshl.o)
    0x08000b40   0x08000b40   0x00000020   Code   RO         2850    .text               mc_w.l(llushr.o)
    0x08000b60   0x08000b60   0x00000024   Code   RO         2852    .text               mc_w.l(llsshr.o)
    0x08000b84   0x08000b84   0x00000000   Code   RO         2861    .text               mc_w.l(iusefp.o)
    0x08000b84   0x08000b84   0x0000006e   Code   RO         2862    .text               mf_w.l(fepilogue.o)
    0x08000bf2   0x08000bf2   0x000000ba   Code   RO         2864    .text               mf_w.l(depilogue.o)
    0x08000cac   0x08000cac   0x0000002e   Code   RO         2866    .text               mf_w.l(dscalb.o)
    0x08000cda   0x08000cda   0x00000030   Code   RO         2870    .text               mf_w.l(dfixul.o)
    0x08000d0a   0x08000d0a   0x00000002   PAD
    0x08000d0c   0x08000d0c   0x00000030   Code   RO         2874    .text               mf_w.l(cdrcmple.o)
    0x08000d3c   0x08000d3c   0x00000024   Code   RO         2876    .text               mc_w.l(init.o)
    0x08000d60   0x08000d60   0x000001ea   Code   RO         2512    .text.ComplementaryFiltering  control.o
    0x08000f4a   0x08000f4a   0x00000002   PAD
    0x08000f4c   0x08000f4c   0x00000022   Code   RO           63    .text.DMA1_Channel1_IRQHandler  isr.o
    0x08000f6e   0x08000f6e   0x00000002   PAD
    0x08000f70   0x08000f70   0x00000022   Code   RO           65    .text.DMA1_Channel2_IRQHandler  isr.o
    0x08000f92   0x08000f92   0x00000002   PAD
    0x08000f94   0x08000f94   0x00000022   Code   RO           67    .text.DMA1_Channel3_IRQHandler  isr.o
    0x08000fb6   0x08000fb6   0x00000002   PAD
    0x08000fb8   0x08000fb8   0x00000028   Code   RO           69    .text.DMA1_Channel4_IRQHandler  isr.o
    0x08000fe0   0x08000fe0   0x00000022   Code   RO           71    .text.DMA1_Channel5_IRQHandler  isr.o
    0x08001002   0x08001002   0x00000002   PAD
    0x08001004   0x08001004   0x00000022   Code   RO           73    .text.DMA1_Channel6_IRQHandler  isr.o
    0x08001026   0x08001026   0x00000002   PAD
    0x08001028   0x08001028   0x00000022   Code   RO           75    .text.DMA1_Channel7_IRQHandler  isr.o
    0x0800104a   0x0800104a   0x00000002   PAD
    0x0800104c   0x0800104c   0x00000026   Code   RO           77    .text.DMA2_Channel1_IRQHandler  isr.o
    0x08001072   0x08001072   0x00000002   PAD
    0x08001074   0x08001074   0x00000026   Code   RO           79    .text.DMA2_Channel2_IRQHandler  isr.o
    0x0800109a   0x0800109a   0x00000002   PAD
    0x0800109c   0x0800109c   0x00000026   Code   RO           81    .text.DMA2_Channel3_IRQHandler  isr.o
    0x080010c2   0x080010c2   0x00000002   PAD
    0x080010c4   0x080010c4   0x00000026   Code   RO           83    .text.DMA2_Channel4_IRQHandler  isr.o
    0x080010ea   0x080010ea   0x00000002   PAD
    0x080010ec   0x080010ec   0x00000026   Code   RO           85    .text.DMA2_Channel5_IRQHandler  isr.o
    0x08001112   0x08001112   0x00000002   PAD
    0x08001114   0x08001114   0x00000012   Code   RO           49    .text.EXTI0_IRQHandler  isr.o
    0x08001126   0x08001126   0x00000002   PAD
    0x08001128   0x08001128   0x000000da   Code   RO           61    .text.EXTI15_10_IRQHandler  isr.o
    0x08001202   0x08001202   0x00000002   PAD
    0x08001204   0x08001204   0x00000012   Code   RO           51    .text.EXTI1_IRQHandler  isr.o
    0x08001216   0x08001216   0x00000002   PAD
    0x08001218   0x08001218   0x00000012   Code   RO           53    .text.EXTI2_IRQHandler  isr.o
    0x0800122a   0x0800122a   0x00000002   PAD
    0x0800122c   0x0800122c   0x00000012   Code   RO           55    .text.EXTI3_IRQHandler  isr.o
    0x0800123e   0x0800123e   0x00000002   PAD
    0x08001240   0x08001240   0x00000012   Code   RO           57    .text.EXTI4_IRQHandler  isr.o
    0x08001252   0x08001252   0x00000002   PAD
    0x08001254   0x08001254   0x000000bc   Code   RO           59    .text.EXTI9_5_IRQHandler  isr.o
    0x08001310   0x08001310   0x0000005e   Code   RO         2500    .text.FA            control.o
    0x0800136e   0x0800136e   0x00000002   PAD
    0x08001370   0x08001370   0x00000028   Code   RO         2488    .text.GFP_abs       control.o
    0x08001398   0x08001398   0x000000a4   Code   RO         2498    .text.Limit         control.o
    0x0800143c   0x0800143c   0x0000008a   Code   RO         2518    .text.Load          control.o
    0x080014c6   0x080014c6   0x00000002   PAD
    0x080014c8   0x080014c8   0x000000f6   Code   RO         2602    .text.SXTpointEE    sxt.o
    0x080015be   0x080015be   0x00000002   PAD
    0x080015c0   0x080015c0   0x00000010   Code   RO         1419    .text.SystemInit    system_mm32f3277g.o
    0x080015d0   0x080015d0   0x00000014   Code   RO           19    .text.TIM1_UP_IRQHandler  isr.o
    0x080015e4   0x080015e4   0x00000012   Code   RO           21    .text.TIM2_IRQHandler  isr.o
    0x080015f6   0x080015f6   0x00000002   PAD
    0x080015f8   0x080015f8   0x00000014   Code   RO           23    .text.TIM3_IRQHandler  isr.o
    0x0800160c   0x0800160c   0x00000014   Code   RO           25    .text.TIM4_IRQHandler  isr.o
    0x08001620   0x08001620   0x00000014   Code   RO           27    .text.TIM5_IRQHandler  isr.o
    0x08001634   0x08001634   0x0000016a   Code   RO         2480    .text.TIM6_IRQHandler  control.o
    0x0800179e   0x0800179e   0x00000002   PAD
    0x080017a0   0x080017a0   0x00000014   Code   RO           29    .text.TIM7_IRQHandler  isr.o
    0x080017b4   0x080017b4   0x0000001a   Code   RO           31    .text.TIM8_UP_IRQHandler  isr.o
    0x080017ce   0x080017ce   0x00000002   PAD
    0x080017d0   0x080017d0   0x0000004a   Code   RO           33    .text.UART1_IRQHandler  isr.o
    0x0800181a   0x0800181a   0x00000002   PAD
    0x0800181c   0x0800181c   0x0000004a   Code   RO           35    .text.UART2_IRQHandler  isr.o
    0x08001866   0x08001866   0x00000002   PAD
    0x08001868   0x08001868   0x00000050   Code   RO           37    .text.UART3_IRQHandler  isr.o
    0x080018b8   0x080018b8   0x0000004a   Code   RO           39    .text.UART4_IRQHandler  isr.o
    0x08001902   0x08001902   0x00000002   PAD
    0x08001904   0x08001904   0x0000004a   Code   RO           41    .text.UART5_IRQHandler  isr.o
    0x0800194e   0x0800194e   0x00000002   PAD
    0x08001950   0x08001950   0x00000050   Code   RO           43    .text.UART6_IRQHandler  isr.o
    0x080019a0   0x080019a0   0x0000004a   Code   RO           45    .text.UART7_IRQHandler  isr.o
    0x080019ea   0x080019ea   0x00000002   PAD
    0x080019ec   0x080019ec   0x00000050   Code   RO           47    .text.UART8_IRQHandler  isr.o
    0x08001a3c   0x08001a3c   0x0000017c   Code   RO         2492    .text.Velocity      control.o
    0x08001bb8   0x08001bb8   0x0000006c   Code   RO         2494    .text.Vertical      control.o
    0x08001c24   0x08001c24   0x0000003e   Code   RO          242    .text.__NVIC_DisableIRQ  zf_common_interrupt.o
    0x08001c62   0x08001c62   0x00000002   PAD
    0x08001c64   0x08001c64   0x00000036   Code   RO          238    .text.__NVIC_EnableIRQ  zf_common_interrupt.o
    0x08001c9a   0x08001c9a   0x00000002   PAD
    0x08001c9c   0x08001c9c   0x0000004a   Code   RO          246    .text.__NVIC_SetPriority  zf_common_interrupt.o
    0x08001ce6   0x08001ce6   0x00000002   PAD
    0x08001ce8   0x08001ce8   0x00000040   Code   RO          250    .text.__NVIC_SetPriorityGrouping  zf_common_interrupt.o
    0x08001d28   0x08001d28   0x0000009e   Code   RO          264    .text.adc_convert   zf_driver_adc.o
    0x08001dc6   0x08001dc6   0x00000002   PAD
    0x08001dc8   0x08001dc8   0x00000160   Code   RO          268    .text.adc_init      zf_driver_adc.o
    0x08001f28   0x08001f28   0x0000019a   Code   RO          411    .text.afio_init     zf_driver_gpio.o
    0x080020c2   0x080020c2   0x00000002   PAD
    0x080020c4   0x080020c4   0x00000130   Code   RO         2490    .text.balance       control.o
    0x080021f4   0x080021f4   0x00000032   Code   RO          794    .text.bluetooth_ch9141_uart_callback  zf_device_bluetooth_ch9141.o
    0x08002226   0x08002226   0x00000002   PAD
    0x08002228   0x08002228   0x00000076   Code   RO         1356    .text.camera_dma_handler  zf_device_type.o
    0x0800229e   0x0800229e   0x00000002   PAD
    0x080022a0   0x080022a0   0x000000ee   Code   RO          826    .text.camera_init   zf_device_camera.o
    0x0800238e   0x0800238e   0x00000002   PAD
    0x08002390   0x08002390   0x00000040   Code   RO         1352    .text.camera_uart_handler  zf_device_type.o
    0x080023d0   0x080023d0   0x000000d0   Code   RO         1354    .text.camera_vsync_handler  zf_device_type.o
    0x080024a0   0x080024a0   0x00000028   Code   RO           98    .text.clock_init    zf_common_clock.o
    0x080024c8   0x080024c8   0x00000092   Code   RO          100    .text.clock_reset   zf_common_clock.o
    0x0800255a   0x0800255a   0x00000002   PAD
    0x0800255c   0x0800255c   0x00000286   Code   RO          102    .text.clock_set_freq  zf_common_clock.o
    0x080027e2   0x080027e2   0x00000002   PAD
    0x080027e4   0x080027e4   0x00000070   Code   RO          122    .text.debug_assert_handler  zf_common_debug.o
    0x08002854   0x08002854   0x00000040   Code   RO          126    .text.debug_delay   zf_common_debug.o
    0x08002894   0x08002894   0x00000032   Code   RO          134    .text.debug_init    zf_common_debug.o
    0x080028c6   0x080028c6   0x00000002   PAD
    0x080028c8   0x080028c8   0x000002c2   Code   RO          124    .text.debug_output  zf_common_debug.o
    0x08002b8a   0x08002b8a   0x00000002   PAD
    0x08002b8c   0x08002b8c   0x00000050   Code   RO          132    .text.debug_output_init  zf_common_debug.o
    0x08002bdc   0x08002bdc   0x00000034   Code   RO          130    .text.debug_output_struct_init  zf_common_debug.o
    0x08002c10   0x08002c10   0x0000001e   Code   RO          136    .text.debug_uart_str_output  zf_common_debug.o
    0x08002c2e   0x08002c2e   0x00000002   PAD
    0x08002c30   0x08002c30   0x00000036   Code   RO          308    .text.dma_disable   zf_driver_dma.o
    0x08002c66   0x08002c66   0x00000002   PAD
    0x08002c68   0x08002c68   0x00000036   Code   RO          306    .text.dma_enable    zf_driver_dma.o
    0x08002c9e   0x08002c9e   0x00000002   PAD
    0x08002ca0   0x08002ca0   0x00000168   Code   RO          310    .text.dma_init_camera  zf_driver_dma.o
    0x08002e08   0x08002e08   0x00000042   Code   RO          304    .text.dma_set_count  zf_driver_dma.o
    0x08002e4a   0x08002e4a   0x00000002   PAD
    0x08002e4c   0x08002e4c   0x00000094   Code   RO          326    .text.encoder_clear_count  zf_driver_encoder.o
    0x08002ee0   0x08002ee0   0x000002aa   Code   RO          324    .text.encoder_get_count  zf_driver_encoder.o
    0x0800318a   0x0800318a   0x00000002   PAD
    0x0800318c   0x0800318c   0x0000012a   Code   RO          328    .text.encoder_init_quad  zf_driver_encoder.o
    0x080032b6   0x080032b6   0x00000002   PAD
    0x080032b8   0x080032b8   0x000002fa   Code   RO          349    .text.exti_init     zf_driver_exti.o
    0x080035b2   0x080035b2   0x00000002   PAD
    0x080035b4   0x080035b4   0x00000038   Code   RO          154    .text.fifo_head_offset  zf_common_fifo.o
    0x080035ec   0x080035ec   0x000000ea   Code   RO          162    .text.fifo_write_buffer  zf_common_fifo.o
    0x080036d6   0x080036d6   0x00000002   PAD
    0x080036d8   0x080036d8   0x00000268   Code   RO          209    .text.float_to_str  zf_common_function.o
    0x08003940   0x08003940   0x00000020   Code   RO          116    .text.fputc         zf_common_debug.o
    0x08003960   0x08003960   0x0000004a   Code   RO          388    .text.fsmc_init_ips200  zf_driver_fsmc.o
    0x080039aa   0x080039aa   0x00000002   PAD
    0x080039ac   0x080039ac   0x0000004a   Code   RO          195    .text.get_greatest_common_divisor  zf_common_function.o
    0x080039f6   0x080039f6   0x00000002   PAD
    0x080039f8   0x080039f8   0x0000004c   Code   RO          403    .text.gpio_get_level  zf_driver_gpio.o
    0x08003a44   0x08003a44   0x000001f4   Code   RO          409    .text.gpio_init     zf_driver_gpio.o
    0x08003c38   0x08003c38   0x0000006c   Code   RO          401    .text.gpio_set_level  zf_driver_gpio.o
    0x08003ca4   0x08003ca4   0x00000084   Code   RO          405    .text.gpio_toggle_level  zf_driver_gpio.o
    0x08003d28   0x08003d28   0x000000a4   Code   RO          840    .text.gps_uart_callback  zf_device_gps_tau1201.o
    0x08003dcc   0x08003dcc   0x00000056   Code   RO          893    .text.icm20602_get_acc  zf_device_icm20602.o
    0x08003e22   0x08003e22   0x00000002   PAD
    0x08003e24   0x08003e24   0x00000056   Code   RO          897    .text.icm20602_get_gyro  zf_device_icm20602.o
    0x08003e7a   0x08003e7a   0x00000002   PAD
    0x08003e7c   0x08003e7c   0x00000148   Code   RO          899    .text.icm20602_init  zf_device_icm20602.o
    0x08003fc4   0x08003fc4   0x00000050   Code   RO          905    .text.icm20602_read_register  zf_device_icm20602.o
    0x08004014   0x08004014   0x00000056   Code   RO          895    .text.icm20602_read_registers  zf_device_icm20602.o
    0x0800406a   0x0800406a   0x00000002   PAD
    0x0800406c   0x0800406c   0x0000005a   Code   RO          901    .text.icm20602_self_check  zf_device_icm20602.o
    0x080040c6   0x080040c6   0x00000002   PAD
    0x080040c8   0x080040c8   0x00000050   Code   RO          903    .text.icm20602_write_register  zf_device_icm20602.o
    0x08004118   0x08004118   0x00000112   Code   RO          201    .text.int_to_str    zf_common_function.o
    0x0800422a   0x0800422a   0x00000002   PAD
    0x0800422c   0x0800422c   0x00000018   Code   RO          240    .text.interrupt_disable  zf_common_interrupt.o
    0x08004244   0x08004244   0x00000018   Code   RO          236    .text.interrupt_enable  zf_common_interrupt.o
    0x0800425c   0x0800425c   0x00000024   Code   RO          234    .text.interrupt_global_disable  zf_common_interrupt.o
    0x08004280   0x08004280   0x00000036   Code   RO          232    .text.interrupt_global_enable  zf_common_interrupt.o
    0x080042b6   0x080042b6   0x00000002   PAD
    0x080042b8   0x080042b8   0x0000000a   Code   RO          248    .text.interrupt_init  zf_common_interrupt.o
    0x080042c2   0x080042c2   0x00000002   PAD
    0x080042c4   0x080042c4   0x00000024   Code   RO          244    .text.interrupt_set_priority  zf_common_interrupt.o
    0x080042e8   0x080042e8   0x00000090   Code   RO          986    .text.ips200_clear  zf_device_ips200.o
    0x08004378   0x08004378   0x00000058   Code   RO          982    .text.ips200_debug_init  zf_device_ips200.o
    0x080043d0   0x080043d0   0x0000046a   Code   RO         1020    .text.ips200_init   zf_device_ips200.o
    0x0800483a   0x0800483a   0x00000002   PAD
    0x0800483c   0x0800483c   0x00000032   Code   RO          996    .text.ips200_set_color  zf_device_ips200.o
    0x0800486e   0x0800486e   0x00000002   PAD
    0x08004870   0x08004870   0x0000005e   Code   RO          994    .text.ips200_set_dir  zf_device_ips200.o
    0x080048ce   0x080048ce   0x00000002   PAD
    0x080048d0   0x080048d0   0x000000ee   Code   RO          988    .text.ips200_set_region  zf_device_ips200.o
    0x080049be   0x080049be   0x00000002   PAD
    0x080049c0   0x080049c0   0x0000012e   Code   RO         1002    .text.ips200_show_char  zf_device_ips200.o
    0x08004aee   0x08004aee   0x00000002   PAD
    0x08004af0   0x08004af0   0x0000018e   Code   RO         1008    .text.ips200_show_float  zf_device_ips200.o
    0x08004c7e   0x08004c7e   0x00000002   PAD
    0x08004c80   0x08004c80   0x0000011e   Code   RO         1004    .text.ips200_show_int  zf_device_ips200.o
    0x08004d9e   0x08004d9e   0x00000002   PAD
    0x08004da0   0x08004da0   0x000000ac   Code   RO          984    .text.ips200_show_string  zf_device_ips200.o
    0x08004e4c   0x08004e4c   0x00000082   Code   RO          990    .text.ips200_write_16bit_data  zf_device_ips200.o
    0x08004ece   0x08004ece   0x00000002   PAD
    0x08004ed0   0x08004ed0   0x00000062   Code   RO         1024    .text.ips200_write_8bit_data  zf_device_ips200.o
    0x08004f32   0x08004f32   0x00000002   PAD
    0x08004f34   0x08004f34   0x000000aa   Code   RO         1022    .text.ips200_write_command  zf_device_ips200.o
    0x08004fde   0x08004fde   0x00000002   PAD
    0x08004fe0   0x08004fe0   0x0000001c   Code   RO         1026    .text.ips200_write_data  zf_device_ips200.o
    0x08004ffc   0x08004ffc   0x00000142   Code   RO            4    .text.main          main.o
    0x0800513e   0x0800513e   0x00000002   PAD
    0x08005140   0x08005140   0x00000136   Code   RO         1108    .text.mt9v03x_get_config  zf_device_mt9v03x.o
    0x08005276   0x08005276   0x00000002   PAD
    0x08005278   0x08005278   0x000000b2   Code   RO         1098    .text.mt9v03x_get_version  zf_device_mt9v03x.o
    0x0800532a   0x0800532a   0x00000002   PAD
    0x0800532c   0x0800532c   0x0000012c   Code   RO         1104    .text.mt9v03x_init  zf_device_mt9v03x.o
    0x08005458   0x08005458   0x00000120   Code   RO         1106    .text.mt9v03x_set_config  zf_device_mt9v03x.o
    0x08005578   0x08005578   0x0000008c   Code   RO         1096    .text.mt9v03x_uart_callback  zf_device_mt9v03x.o
    0x08005604   0x08005604   0x0000008c   Code   RO         1181    .text.ov7725_uart_callback  zf_device_ov7725.o
    0x08005690   0x08005690   0x00000046   Code   RO         2482    .text.pit_hanlder   control.o
    0x080056d6   0x080056d6   0x00000002   PAD
    0x080056d8   0x080056d8   0x00000140   Code   RO          484    .text.pit_init      zf_driver_pit.o
    0x08005818   0x08005818   0x00000280   Code   RO          501    .text.pwm_init      zf_driver_pwm.o
    0x08005a98   0x08005a98   0x00000158   Code   RO          499    .text.pwm_set_duty  zf_driver_pwm.o
    0x08005bf0   0x08005bf0   0x0000008c   Code   RO         1214    .text.scc8660_uart_callback  zf_device_scc8660.o
    0x08005c7c   0x08005c7c   0x0000001c   Code   RO         1350    .text.set_camera_type  zf_device_type.o
    0x08005c98   0x08005c98   0x000002c0   Code   RO          694    .text.spi_init      zf_driver_spi.o
    0x08005f58   0x08005f58   0x000000e0   Code   RO          682    .text.spi_read_8bit_register  zf_driver_spi.o
    0x08006038   0x08006038   0x00000108   Code   RO          684    .text.spi_read_8bit_registers  zf_driver_spi.o
    0x08006140   0x08006140   0x000000ca   Code   RO          662    .text.spi_write_16bit  zf_driver_spi.o
    0x0800620a   0x0800620a   0x00000002   PAD
    0x0800620c   0x0800620c   0x00000094   Code   RO          658    .text.spi_write_8bit  zf_driver_spi.o
    0x080062a0   0x080062a0   0x000000d2   Code   RO          666    .text.spi_write_8bit_register  zf_driver_spi.o
    0x08006372   0x08006372   0x00000002   PAD
    0x08006374   0x08006374   0x00000096   Code   RO          291    .text.system_delay  zf_driver_delay.o
    0x0800640a   0x0800640a   0x00000002   PAD
    0x0800640c   0x0800640c   0x000000ba   Code   RO          710    .text.timer_clock_enable  zf_driver_timer.o
    0x080064c6   0x080064c6   0x00000002   PAD
    0x080064c8   0x080064c8   0x00000138   Code   RO          720    .text.timer_etr_init  zf_driver_timer.o
    0x08006600   0x08006600   0x00000072   Code   RO          708    .text.timer_funciton_check  zf_driver_timer.o
    0x08006672   0x08006672   0x00000002   PAD
    0x08006674   0x08006674   0x000000e6   Code   RO         1330    .text.tsl1401_collect_pit_handler  zf_device_tsl1401.o
    0x0800675a   0x0800675a   0x00000002   PAD
    0x0800675c   0x0800675c   0x0000007c   Code   RO         1334    .text.tsl1401_init  zf_device_tsl1401.o
    0x080067d8   0x080067d8   0x000000d6   Code   RO         2496    .text.turn          control.o
    0x080068ae   0x080068ae   0x00000002   PAD
    0x080068b0   0x080068b0   0x00000282   Code   RO          750    .text.uart_init     zf_driver_uart.o
    0x08006b32   0x08006b32   0x00000002   PAD
    0x08006b34   0x08006b34   0x00000058   Code   RO          744    .text.uart_query_byte  zf_driver_uart.o
    0x08006b8c   0x08006b8c   0x00000082   Code   RO          748    .text.uart_rx_interrupt  zf_driver_uart.o
    0x08006c0e   0x08006c0e   0x00000002   PAD
    0x08006c10   0x08006c10   0x0000006a   Code   RO          738    .text.uart_write_buffer  zf_driver_uart.o
    0x08006c7a   0x08006c7a   0x00000002   PAD
    0x08006c7c   0x08006c7c   0x0000004a   Code   RO          736    .text.uart_write_byte  zf_driver_uart.o
    0x08006cc6   0x08006cc6   0x00000002   PAD
    0x08006cc8   0x08006cc8   0x00000036   Code   RO          740    .text.uart_write_string  zf_driver_uart.o
    0x08006cfe   0x08006cfe   0x00000002   PAD
    0x08006d00   0x08006d00   0x00000032   Code   RO         1360    .text.wireless_module_uart_handler  zf_device_type.o
    0x08006d32   0x08006d32   0x00000002   PAD
    0x08006d34   0x08006d34   0x00000032   Code   RO         1391    .text.wireless_uart_callback  zf_device_wireless_uart.o
    0x08006d66   0x08006d66   0x00000002   PAD
    0x08006d68   0x08006d68   0x00000020   Code   RO         2723    i.__0printf         mc_w.l(printfa.o)
    0x08006d88   0x08006d88   0x00000028   Code   RO         2725    i.__0sprintf        mc_w.l(printfa.o)
    0x08006db0   0x08006db0   0x00000028   Code   RO         2813    i.__ARM_fpclassify  m_ws.l(fpclassify.o)
    0x08006dd8   0x08006dd8   0x000000aa   Code   RO         2815    i.__kernel_poly     m_ws.l(poly.o)
    0x08006e82   0x08006e82   0x00000006   Code   RO         2800    i.__mathlib_dbl_infnan  m_ws.l(dunder.o)
    0x08006e88   0x08006e88   0x00000010   Code   RO         2805    i.__mathlib_dbl_underflow  m_ws.l(dunder.o)
    0x08006e98   0x08006e98   0x0000000e   Code   RO         2880    i.__scatterload_copy  mc_w.l(handlers.o)
    0x08006ea6   0x08006ea6   0x00000002   Code   RO         2881    i.__scatterload_null  mc_w.l(handlers.o)
    0x08006ea8   0x08006ea8   0x0000000e   Code   RO         2882    i.__scatterload_zeroinit  mc_w.l(handlers.o)
    0x08006eb6   0x08006eb6   0x00000002   PAD
    0x08006eb8   0x08006eb8   0x00000184   Code   RO         2730    i._fp_digits        mc_w.l(printfa.o)
    0x0800703c   0x0800703c   0x000006dc   Code   RO         2731    i._printf_core      mc_w.l(printfa.o)
    0x08007718   0x08007718   0x00000024   Code   RO         2732    i._printf_post_padding  mc_w.l(printfa.o)
    0x0800773c   0x0800773c   0x0000002e   Code   RO         2733    i._printf_pre_padding  mc_w.l(printfa.o)
    0x0800776a   0x0800776a   0x0000000a   Code   RO         2735    i._sputc            mc_w.l(printfa.o)
    0x08007774   0x08007774   0x00000220   Code   RO         2652    i.atan              m_ws.l(atan.o)
    0x08007994   0x08007994   0x00000004   PAD
    0x08007998   0x08007998   0x00000098   Data   RO         2653    .constdata          m_ws.l(atan.o)
    0x08007a30   0x08007a30   0x00000027   Data   RO            7    .rodata.str1.1      main.o
    0x08007a57   0x08007a57   0x0000004a   Data   RO          141    .rodata.str1.1      zf_common_debug.o
    0x08007aa1   0x08007aa1   0x0000002e   Data   RO          333    .rodata.str1.1      zf_driver_encoder.o
    0x08007acf   0x08007acf   0x0000002a   Data   RO          486    .rodata.str1.1      zf_driver_pit.o
    0x08007af9   0x08007af9   0x0000002a   Data   RO          503    .rodata.str1.1      zf_driver_pwm.o
    0x08007b23   0x08007b23   0x0000002c   Data   RO          723    .rodata.str1.1      zf_driver_timer.o
    0x08007b4f   0x08007b4f   0x0000002f   Data   RO          913    .rodata.str1.1      zf_device_icm20602.o
    0x08007b7e   0x08007b7e   0x0000002d   Data   RO         1033    .rodata.str1.1      zf_device_ips200.o
    0x08007bab   0x08007bab   0x0000002e   Data   RO         1116    .rodata.str1.1      zf_device_mt9v03x.o
    0x08007bd9   0x08007bd9   0x000005f0   Data   RO          179    .rodata.tft_ascii   zf_common_font.o
    0x080081c9   0x080081c9   0x00000003   PAD
    0x080081cc   0x080081cc   0x00000020   Data   RO         2878    Region$$Table       anon$$obj.o


    Execution Region RW_m_data (Exec base: 0x20000000, Load base: 0x080081ec, Size: 0x0000fc44, Max: 0x0001dc00, ABSOLUTE)

    Exec Addr    Load Addr    Size         Type   Attr      Idx    E Section Name        Object

    0x20000000   0x080081ec   0x00000004   Data   RW         2843    .data               mc_w.l(stdout.o)
    0x20000004   0x080081f0   0x00000004   Data   RW         2558    .data.K1            control.o
    0x20000008   0x080081f4   0x00000004   Data   RW         2523    .data.Med_Angle     control.o
    0x2000000c   0x080081f8   0x00000004   Data   RW         2541    .data.PWM_MAX       control.o
    0x20000010   0x080081fc   0x00000004   Data   RW         2542    .data.PWM_MIN       control.o
    0x20000014   0x08008200   0x00000004   Data   RW         2620    .data.TOP           sxt.o
    0x20000018   0x08008204   0x00000004   Data   RW         2537    .data.TURN_Kp       control.o
    0x2000001c   0x08008208   0x00000004   Data   RW         2524    .data.Target_Speed  control.o
    0x20000020   0x0800820c   0x00000004   Data   RW         2525    .data.Target_SpeedE  control.o
    0x20000024   0x08008210   0x00000004   Data   RW         2529    .data.Velocity_Ki   control.o
    0x20000028   0x08008214   0x00000004   Data   RW         2528    .data.Velocity_Kp   control.o
    0x2000002c   0x08008218   0x00000004   Data   RW         2527    .data.Vertical_Kd   control.o
    0x20000030   0x0800821c   0x00000004   Data   RW         2526    .data.Vertical_Kp   control.o
    0x20000034   0x08008220   0x0000000c   Data   RW          270    .data.adc_index     zf_driver_adc.o
    0x20000040   0x0800822c   0x00000004   Data   RW         2552    .data.angle_Filtering  control.o
    0x20000044   0x08008230   0x00000008   Data   RW          312    .data.dma_index     zf_driver_dma.o
    0x2000004c   0x08008238   0x00000004   Data   RW         2557    .data.dtt           control.o
    0x20000050   0x0800823c   0x00000008   Data   RW          332    .data.encoder_dir_pin  zf_driver_encoder.o
    0x20000058   0x08008244   0x00000020   Data   RW          413    .data.gpio_group    zf_driver_gpio.o
    0x20000078   0x08008264   0x00000002   Data   RW         1030    .data.ips200_bgcolor  zf_device_ips200.o
    0x2000007a   0x08008266   0x00000002   Data   RW         1032    .data.ips200_pencolor  zf_device_ips200.o
    0x2000007c   0x08008268   0x00000002   Data   RW         1028    .data.ips200_x_max  zf_device_ips200.o
    0x2000007e   0x0800826a   0x00000002   Data   RW         1029    .data.ips200_y_max  zf_device_ips200.o
    0x20000080   0x0800826c   0x00000001   Data   RW         1036    .data.ips_bl_pin    zf_device_ips200.o
    0x20000081   0x0800826d   0x00000001   Data   RW         1035    .data.ips_rst_pin   zf_device_ips200.o
    0x20000082   0x0800826e   0x00000024   Data   RW         1117    .data.mt9v03x_get_confing_buffer  zf_device_mt9v03x.o
    0x200000a6   0x08008292   0x00000028   Data   RW         1115    .data.mt9v03x_set_confing_buffer  zf_device_mt9v03x.o
    0x200000ce   0x080082ba   0x00000002   PAD
    0x200000d0   0x080082bc   0x0000000c   Data   RW          696    .data.spi_index     zf_driver_spi.o
    0x200000dc   0x080082c8   0x00000020   Data   RW          752    .data.uart_index    zf_driver_uart.o
    0x200000fc   0x080082e8   0x00000008   Data   RW          753    .data.uart_irq      zf_driver_uart.o
    0x20000104   0x080082f0   0x00000001   Data   RW          138    .data.zf_debug_assert_enable  zf_common_debug.o
    0x20000105   0x080082f1   0x00000003   PAD
    0x20000108        -       0x00000004   Zero   RW         2562    .bss.Angle          control.o
    0x2000010c        -       0x00000004   Zero   RW         2539    .bss.MOTO1          control.o
    0x20000110        -       0x00000004   Zero   RW         2540    .bss.MOTO2          control.o
    0x20000114        -       0x00000004   Zero   RW         2522    .bss.PWM_out        control.o
    0x20000118        -       0x00000004   Zero   RW         2623    .bss.Pend1          sxt.o
    0x2000011c        -       0x00000004   Zero   RW         2536    .bss.TURN           control.o
    0x20000120        -       0x00000004   Zero   RW         2534    .bss.Turn_Kd        control.o
    0x20000124        -       0x00000004   Zero   RW         2533    .bss.Turn_Kp        control.o
    0x20000128        -       0x00000004   Zero   RW         2571    .bss.Turn_out       control.o
    0x2000012c        -       0x00000004   Zero   RW         2577    .bss.Velocity.EnC_Err_Lowout  control.o
    0x20000130        -       0x00000004   Zero   RW         2574    .bss.Velocity.EnC_Err_Lowout_last  control.o
    0x20000134        -       0x00000004   Zero   RW         2576    .bss.Velocity.Encoder_Err  control.o
    0x20000138        -       0x00000004   Zero   RW         2573    .bss.Velocity.Encoder_S  control.o
    0x2000013c        -       0x00000004   Zero   RW         2575    .bss.Velocity.PWM_out  control.o
    0x20000140        -       0x00000004   Zero   RW         2572    .bss.Velocity_out   control.o
    0x20000144        -       0x00000004   Zero   RW         2570    .bss.Vertical_out   control.o
    0x20000148        -       0x00000004   Zero   RW         2621    .bss.Xend1          sxt.o
    0x2000014c        -       0x00000004   Zero   RW         2622    .bss.Yend1          sxt.o
    0x20000150        -       0x00000004   Zero   RW         2546    .bss.acc_x          control.o
    0x20000154        -       0x00000004   Zero   RW         2547    .bss.acc_z          control.o
    0x20000158        -       0x00000003   Zero   RW          271    .bss.adc_resolution  zf_driver_adc.o
    0x2000015b   0x080082f1   0x00000001   PAD
    0x2000015c        -       0x00000004   Zero   RW         2553    .bss.angle_acc      control.o
    0x20000160        -       0x00000004   Zero   RW         2554    .bss.angle_gyro     control.o
    0x20000164        -       0x00000004   Zero   RW         2556    .bss.anglespeed     control.o
    0x20000168        -       0x00000001   Zero   RW          808    .bss.bluetooth_ch9141_data  zf_device_bluetooth_ch9141.o
    0x20000169   0x080082f1   0x00000003   PAD
    0x2000016c        -       0x00000014   Zero   RW          809    .bss.bluetooth_ch9141_fifo  zf_device_bluetooth_ch9141.o
    0x20000180        -       0x00000001   Zero   RW         1362    .bss.camera_type    zf_device_type.o
    0x20000181        -       0x00000001   Zero   RW          139    .bss.debug_assert_handler.assert_nest_index  zf_common_debug.o
    0x20000182   0x080082f1   0x00000002   PAD
    0x20000184        -       0x00000014   Zero   RW          142    .bss.debug_output_info  zf_common_debug.o
    0x20000198        -       0x00000002   Zero   RW         2544    .bss.encoder_data_1  control.o
    0x2000019a        -       0x00000002   Zero   RW         2545    .bss.encoder_data_2  control.o
    0x2000019c        -       0x00000064   Zero   RW          866    .bss.gps_tau1201_buffer1  zf_device_gps_tau1201.o
    0x20000200        -       0x00000064   Zero   RW          864    .bss.gps_tau1201_buffer2  zf_device_gps_tau1201.o
    0x20000264        -       0x00000001   Zero   RW          867    .bss.gps_tau1201_flag  zf_device_gps_tau1201.o
    0x20000265        -       0x00000001   Zero   RW          865    .bss.gps_tau1201_num  zf_device_gps_tau1201.o
    0x20000266   0x080082f1   0x00000002   PAD
    0x20000268        -       0x00000004   Zero   RW         2549    .bss.gyro_y         control.o
    0x2000026c        -       0x00000002   Zero   RW          910    .bss.icm_acc_x      zf_device_icm20602.o
    0x2000026e        -       0x00000002   Zero   RW          911    .bss.icm_acc_y      zf_device_icm20602.o
    0x20000270        -       0x00000002   Zero   RW          912    .bss.icm_acc_z      zf_device_icm20602.o
    0x20000272        -       0x00000002   Zero   RW          907    .bss.icm_gyro_x     zf_device_icm20602.o
    0x20000274        -       0x00000002   Zero   RW          908    .bss.icm_gyro_y     zf_device_icm20602.o
    0x20000276        -       0x00000002   Zero   RW          909    .bss.icm_gyro_z     zf_device_icm20602.o
    0x20000278        -       0x00000004   Zero   RW          252    .bss.interrupt_nest_count  zf_common_interrupt.o
    0x2000027c        -       0x00000001   Zero   RW         1031    .bss.ips200_display_dir  zf_device_ips200.o
    0x2000027d        -       0x00000001   Zero   RW         1034    .bss.ips200_display_type  zf_device_ips200.o
    0x2000027e        -       0x00000001   Zero   RW         1110    .bss.mt9v03x_finish_flag  zf_device_mt9v03x.o
    0x2000027f        -       0x00005820   Zero   RW         1118    .bss.mt9v03x_image  zf_device_mt9v03x.o
    0x20005a9f   0x080082f1   0x00000001   PAD
    0x20005aa0        -       0x00000002   Zero   RW         1114    .bss.mt9v03x_version  zf_device_mt9v03x.o
    0x20005aa2        -       0x00000001   Zero   RW         1195    .bss.ov7725_finish_flag  zf_device_ov7725.o
    0x20005aa3        -       0x00000960   Zero   RW         1202    .bss.ov7725_image_binary  zf_device_ov7725.o
    0x20006403        -       0x00000003   Zero   RW         1111    .bss.receive        zf_device_mt9v03x.o
    0x20006406        -       0x00000003   Zero   RW         1196    .bss.receive        zf_device_ov7725.o
    0x20006409        -       0x00000003   Zero   RW         1235    .bss.receive        zf_device_scc8660.o
    0x2000640c        -       0x00000001   Zero   RW         1112    .bss.receive_num    zf_device_mt9v03x.o
    0x2000640d        -       0x00000001   Zero   RW         1197    .bss.receive_num    zf_device_ov7725.o
    0x2000640e        -       0x00000001   Zero   RW         1236    .bss.receive_num    zf_device_scc8660.o
    0x2000640f        -       0x00000001   Zero   RW         1234    .bss.scc8660_finish_flag  zf_device_scc8660.o
    0x20006410        -       0x00009600   Zero   RW         1241    .bss.scc8660_image  zf_device_scc8660.o
    0x2000fa10        -       0x00000004   Zero   RW          104    .bss.system_clock   zf_common_clock.o
    0x2000fa14        -       0x00000008   Zero   RW          722    .bss.timer_function_state  zf_driver_timer.o
    0x2000fa1c        -       0x00000200   Zero   RW         1337    .bss.tsl1401_data   zf_device_tsl1401.o
    0x2000fc1c        -       0x00000001   Zero   RW         1338    .bss.tsl1401_finish_flag  zf_device_tsl1401.o
    0x2000fc1d        -       0x00000001   Zero   RW         1336    .bss.tsl1401_init_state  zf_device_tsl1401.o
    0x2000fc1e   0x080082f1   0x00000002   PAD
    0x2000fc20        -       0x00000004   Zero   RW         2583    .bss.turn.bias      control.o
    0x2000fc24        -       0x00000001   Zero   RW         1113    .bss.uart_receive_flag  zf_device_mt9v03x.o
    0x2000fc25        -       0x00000001   Zero   RW         1198    .bss.uart_receive_flag  zf_device_ov7725.o
    0x2000fc26        -       0x00000001   Zero   RW         1237    .bss.uart_receive_flag  zf_device_scc8660.o
    0x2000fc27        -       0x00000001   Zero   RW         1363    .bss.wireless_type  zf_device_type.o
    0x2000fc28        -       0x00000001   Zero   RW         1405    .bss.wireless_uart_data  zf_device_wireless_uart.o
    0x2000fc29   0x080082f1   0x00000003   PAD
    0x2000fc2c        -       0x00000014   Zero   RW         1406    .bss.wireless_uart_fifo  zf_device_wireless_uart.o
    0x2000fc40        -       0x00000001   Zero   RW          140    .bss.zf_debug_init_flag  zf_common_debug.o


    Execution Region ARM_LIB_HEAP (Exec base: 0x2000fc44, Load base: 0x080082f4, Size: 0x00000400, Max: 0x00000400, ABSOLUTE)

    Exec Addr    Load Addr    Size         Type   Attr      Idx    E Section Name        Object

    0x2000fc44        -       0x00000400   Zero   RW            1    ARM_LIB_HEAP.bss    anon$$obj.o


    Execution Region ARM_LIB_STACK (Exec base: 0x2001e000, Load base: 0x080082f4, Size: 0x00002000, Max: 0x00002000, ABSOLUTE)

    Exec Addr    Load Addr    Size         Type   Attr      Idx    E Section Name        Object

    0x2001e000        -       0x00002000   Zero   RW            2    ARM_LIB_STACK.bss   anon$$obj.o


==============================================================================

Image component sizes


      Code (inc. data)   RO Data    RW Data    ZI Data      Debug   Object Name

      2364          0          0         52         92      11273   control.o
      1684          0          0          0          0       6983   isr.o
       322          0         39          0          0       5722   main.o
        36          8        400          0          0        820   startup_mm32f3277g.o
       246          0          0          4         12       4514   sxt.o
        16          0          0          0          0        422   system_mm32f3277g.o
       832          0          0          0          4       2952   zf_common_clock.o
      1126          0         74          1         22       5391   zf_common_debug.o
       290          0          0          0          0       2776   zf_common_fifo.o
         0          0       1520          0          0        901   zf_common_font.o
       964          0          0          0          0       6997   zf_common_function.o
       438          0          0          0          4       4966   zf_common_interrupt.o
        50          0          0          0         21       5256   zf_device_bluetooth_ch9141.o
       238          0          0          0          0       4857   zf_device_camera.o
       164          0          0          0        202       7619   zf_device_gps_tau1201.o
       836          0         47          0         12       5108   zf_device_icm20602.o
      3328          0         45         10          2      12449   zf_device_ips200.o
      1216          0         46         76      22568       6620   zf_device_mt9v03x.o
       140          0          0          0       2406       6514   zf_device_ov7725.o
       140          0          0          0      38406       7333   zf_device_scc8660.o
       354          0          0          0        514       4306   zf_device_tsl1401.o
       468          0          0          0          2       2039   zf_device_type.o
        50          0          0          0         21       5320   zf_device_wireless_uart.o
       510          0          0         12          3       5596   zf_driver_adc.o
       150          0          0          0          0       1030   zf_driver_delay.o
       534         22          0          8          0       4218   zf_driver_dma.o
      1128         32         46          8          0       6554   zf_driver_encoder.o
       762         12          0          0          0       5528   zf_driver_exti.o
        74          0          0          0          0       1495   zf_driver_fsmc.o
      1226          0          0         32          0       5437   zf_driver_gpio.o
       320          8         42          0          0       5037   zf_driver_pit.o
       984         16         42          0          0       5777   zf_driver_pwm.o
      1752          4          0         12          0      10023   zf_driver_spi.o
       612         16         44          0          8       7489   zf_driver_timer.o
      1094          8          0         40          0       7825   zf_driver_uart.o

    ----------------------------------------------------------------------
     24620        126       2380        260      73532     187147   Object Totals
         0          0         32          0       9216          0   (incl. Generated)
       172          0          3          5         17          0   (incl. Padding)

    ----------------------------------------------------------------------

      Code (inc. data)   RO Data    RW Data    ZI Data      Debug   Library Member Name

       544         70        152          0          0        124   atan.o
        22          6          0          0          0        136   dunder.o
        40          0          0          0          0         68   fpclassify.o
       170          0          0          0          0         96   poly.o
         0          0          0          0          0          0   entry.o
         0          0          0          0          0          0   entry10a.o
         0          0          0          0          0          0   entry11a.o
         8          4          0          0          0          0   entry4.o
         4          0          0          0          0          0   entry5.o
         0          0          0          0          0          0   entry7b.o
         0          0          0          0          0          0   entry8b.o
         8          4          0          0          0          0   entry9a.o
        30          0          0          0          0          0   handlers.o
        36          8          0          0          0         68   init.o
         0          0          0          0          0          0   iusefp.o
        30          0          0          0          0         68   llshl.o
        36          0          0          0          0         68   llsshr.o
        32          0          0          0          0         68   llushr.o
        36          0          0          0          0         68   memcpya.o
        36          0          0          0          0        108   memseta.o
      2308         96          0          0          0        604   printfa.o
         0          0          0          4          0          0   stdout.o
        14          0          0          0          0         68   strlen.o
        44          0          0          0          0         80   uidiv.o
        98          0          0          0          0         92   uldiv.o
        48          0          0          0          0         68   cdrcmple.o
        56          0          0          0          0         88   d2f.o
       334          0          0          0          0        148   dadd.o
        56          0          0          0          0         80   dcmpeq.o
       222          0          0          0          0        100   ddiv.o
       186          0          0          0          0        176   depilogue.o
        48          0          0          0          0         68   dfixul.o
        34          0          0          0          0         76   dflti.o
       228          0          0          0          0         96   dmul.o
        46          0          0          0          0         80   dscalb.o
        38          0          0          0          0         68   f2d.o
       176          0          0          0          0        140   fadd.o
        28          0          0          0          0         68   fcmpge.o
        28          0          0          0          0         68   fcmplt.o
       124          0          0          0          0         88   fdiv.o
       110          0          0          0          0        168   fepilogue.o
        50          0          0          0          0         68   ffixi.o
        40          0          0          0          0         68   ffixui.o
        18          0          0          0          0         68   fflti.o
        10          0          0          0          0         68   ffltui.o
       100          0          0          0          0         76   fmul.o

    ----------------------------------------------------------------------
      5484        192        152          4          0       3644   Library Totals
         8          4          0          0          0          0   (incl. Padding)

    ----------------------------------------------------------------------

      Code (inc. data)   RO Data    RW Data    ZI Data      Debug   Library Name

       776         76        152          0          0        424   m_ws.l
      2720        112          0          4          0       1292   mc_w.l
      1980          0          0          0          0       1928   mf_w.l

    ----------------------------------------------------------------------
      5484        192        152          4          0       3644   Library Totals

    ----------------------------------------------------------------------

==============================================================================


      Code (inc. data)   RO Data    RW Data    ZI Data      Debug   

     30104        318       2532        264      73532     188403   Grand Totals
     30104        318       2532        264      73532     188403   ELF Image Totals
     30104        318       2532        264          0          0   ROM Totals

==============================================================================

    Total RO  Size (Code + RO Data)                32636 (  31.87kB)
    Total RW  Size (RW Data + ZI Data)             73796 (  72.07kB)
    Total ROM Size (Code + RO Data + RW Data)      32900 (  32.13kB)

==============================================================================

